2026.10.06-09:05:11.788[32m info [39m [caliper] [cli-launch-manager] 	Set workspace path: /home/user/MyCodes/benchmarks/caliper
2026.10.06-09:05:11.789[32m info [39m [caliper] [cli-launch-manager] 	Set benchmark configuration path: /home/user/MyCodes/benchmarks/caliper/benchconfig/acceptTransfer.yaml
2026.10.06-09:05:11.789[32m info [39m [caliper] [cli-launch-manager] 	Set network configuration path: /home/user/MyCodes/benchmarks/caliper/networks/ganache-distributor.json
2026.10.06-09:05:11.789[32m info [39m [caliper] [cli-launch-manager] 	Set SUT type: ethereum
2026.10.06-09:05:12.152[32m info [39m [caliper] [benchmark-validator] 	No observer specified, will default to `none`
2026.10.06-09:05:12.153[32m info [39m [caliper] [caliper-engine] 	Starting benchmark flow
2026.10.06-09:05:12.153[32m info [39m [caliper] [caliper-engine] 	Skipping start commands due to benchmark flow conditioning
2026.10.06-09:05:12.153[32m info [39m [caliper] [caliper-engine] 	Skipping initialization phase due to benchmark flow conditioning
2026.10.06-09:05:12.153[32m info [39m [caliper] [caliper-engine] 	Skipping install smart contract phase due to benchmark flow conditioning
2026.10.06-09:05:12.173[32m info [39m [caliper] [monitor.js] 	No resource monitors specified
2026.10.06-09:05:12.175[32m info [39m [caliper] [default-observer] 	Observer interval set to 5000 milliseconds
2026.10.06-09:05:12.177[32m info [39m [caliper] [round-orchestrator] 	Preparing worker connections
2026.10.06-09:05:12.178[32m info [39m [caliper] [worker-orchestrator] 	Launching worker 1 of 1
2026.10.06-09:05:12.183[32m info [39m [caliper] [worker-orchestrator] 	Messenger not configured, entering configure phase...
2026.10.06-09:05:12.184[32m info [39m [caliper] [worker-orchestrator] 	No existing workers detected, entering worker launch phase...
2026.10.06-09:05:12.184[32m info [39m [caliper] [worker-orchestrator] 	Waiting for 1 workers to be connected...
2026.10.06-09:05:12.541[32m info [39m [caliper] [cli-launch-worker] 	Set workspace path: /home/user/MyCodes/benchmarks/caliper
2026.10.06-09:05:12.542[32m info [39m [caliper] [cli-launch-worker] 	Set benchmark configuration path: /home/user/MyCodes/benchmarks/caliper/benchconfig/acceptTransfer.yaml
2026.10.06-09:05:12.542[32m info [39m [caliper] [cli-launch-worker] 	Set network configuration path: /home/user/MyCodes/benchmarks/caliper/networks/ganache-distributor.json
2026.10.06-09:05:12.542[32m info [39m [caliper] [cli-launch-worker] 	Set SUT type: ethereum
2026.10.06-09:05:12.935[32m info [39m [caliper] [worker-orchestrator] 	1 workers connected, progressing to worker assignment phase.
2026.10.06-09:05:12.936[32m info [39m [caliper] [worker-orchestrator] 	Workers currently unassigned, awaiting index assignment...
2026.10.06-09:05:12.936[32m info [39m [caliper] [worker-orchestrator] 	Waiting for 1 workers to be assigned...
2026.10.06-09:05:12.995[32m info [39m [caliper] [worker-orchestrator] 	1 workers assigned, progressing to worker initialization phase.
2026.10.06-09:05:12.995[32m info [39m [caliper] [worker-orchestrator] 	Waiting for 1 workers to be ready...
2026.10.06-09:05:12.996[32m info [39m [caliper] [worker-message-handler] 	Initializing Worker#0...
2026.10.06-09:05:13.006[32m info [39m [caliper] [worker-message-handler] 	Worker#0 initialized
2026.10.06-09:05:13.007[32m info [39m [caliper] [worker-orchestrator] 	1 workers ready, progressing to test preparation phase.
2026.10.06-09:05:13.007[32m info [39m [caliper] [round-orchestrator] 	Started round 1 (acceptTransfer-5tps)
2026.10.06-09:05:13.011[32m info [39m [caliper] [worker-message-handler] 	Preparing Worker#0 for Round#0
2026.10.06-09:05:13.038[32m info [39m [caliper] [caliper-worker] 	Info: worker 0 prepare test phase for round 0 is starting...
2026.10.06-09:05:13.040[32m info [39m [caliper] [caliper-worker] 	Info: worker 0 prepare test phase for round 0 is completed
2026.10.06-09:05:13.040[32m info [39m [caliper] [worker-message-handler] 	Worker#0 prepared for Round#0
2026.10.06-09:05:13.041[32m info [39m [caliper] [worker-orchestrator] 	1 workers prepared, progressing to test phase.
2026.10.06-09:05:13.042[32m info [39m [caliper] [round-orchestrator] 	Monitors successfully started
2026.10.06-09:05:13.043[32m info [39m [caliper] [worker-message-handler] 	Worker#0 is starting Round#0
2026.10.06-09:05:13.052[32m info [39m [caliper] [caliper-worker] 	Worker #0 starting workload loop
2026.10.06-09:05:18.054[32m info [39m [caliper] [default-observer] 	[acceptTransfer-5tps Round 0 Transaction Info] - Submitted: 21 Succ: 20 Fail:0 Unfinished:1
2026.10.06-09:05:22.266[32m info [39m [caliper] [worker-message-handler] 	Worker#0 finished Round#0
2026.10.06-09:05:27.273[32m info [39m [caliper] [default-observer] 	Resetting txCount indicator count
2026.10.06-09:05:27.274[32m info [39m [caliper] [report-builder] 	### Test result ###
2026.10.06-09:05:27.278[32m info [39m [caliper] [report-builder] 	
+---------------------+------+------+-----------------+-----------------+-----------------+-----------------+------------------+
| Name                | Succ | Fail | Send Rate (TPS) | Max Latency (s) | Min Latency (s) | Avg Latency (s) | Throughput (TPS) |
|---------------------|------|------|-----------------|-----------------|-----------------|-----------------|------------------|
| acceptTransfer-5tps | 41   | 0    | 5.1             | 0.05            | 0.03            | 0.04            | 5.0              |
+---------------------+------+------+-----------------+-----------------+-----------------+-----------------+------------------+

2026.10.06-09:05:27.279[32m info [39m [caliper] [round-orchestrator] 	Finished round 1 (acceptTransfer-5tps) in 8.213 seconds
2026.10.06-09:05:27.279[32m info [39m [caliper] [monitor.js] 	Stopping all monitors
2026.10.06-09:05:27.279[32m info [39m [caliper] [round-orchestrator] 	Waiting 5 seconds for the next round...
2026.10.06-09:05:32.285[32m info [39m [caliper] [round-orchestrator] 	Started round 2 (acceptTransfer-10tps)
2026.10.06-09:05:32.287[32m info [39m [caliper] [worker-message-handler] 	Preparing Worker#0 for Round#1
2026.10.06-09:05:32.294[32m info [39m [caliper] [caliper-worker] 	Info: worker 0 prepare test phase for round 1 is starting...
2026.10.06-09:05:32.296[32m info [39m [caliper] [caliper-worker] 	Info: worker 0 prepare test phase for round 1 is completed
2026.10.06-09:05:32.296[32m info [39m [caliper] [worker-message-handler] 	Worker#0 prepared for Round#1
2026.10.06-09:05:32.297[32m info [39m [caliper] [worker-orchestrator] 	1 workers prepared, progressing to test phase.
2026.10.06-09:05:32.297[32m info [39m [caliper] [round-orchestrator] 	Monitors successfully started
2026.10.06-09:05:32.298[32m info [39m [caliper] [worker-message-handler] 	Worker#0 is starting Round#1
2026.10.06-09:05:32.304[32m info [39m [caliper] [caliper-worker] 	Worker #0 starting workload loop
2026.10.06-09:05:37.298[32m info [39m [caliper] [default-observer] 	[acceptTransfer-10tps Round 1 Transaction Info] - Submitted: 41 Succ: 40 Fail:0 Unfinished:1
2026.10.06-09:05:41.408[32m info [39m [caliper] [worker-message-handler] 	Worker#0 finished Round#1
2026.10.06-09:05:46.414[32m info [39m [caliper] [default-observer] 	Resetting txCount indicator count
2026.10.06-09:05:46.414[32m info [39m [caliper] [report-builder] 	### Test result ###
2026.10.06-09:05:46.416[32m info [39m [caliper] [report-builder] 	
+----------------------+------+------+-----------------+-----------------+-----------------+-----------------+------------------+
| Name                 | Succ | Fail | Send Rate (TPS) | Max Latency (s) | Min Latency (s) | Avg Latency (s) | Throughput (TPS) |
|----------------------|------|------|-----------------|-----------------|-----------------|-----------------|------------------|
| acceptTransfer-10tps | 81   | 0    | 10.1            | 0.05            | 0.03            | 0.03            | 10.1             |
+----------------------+------+------+-----------------+-----------------+-----------------+-----------------+------------------+

2026.10.06-09:05:46.417[32m info [39m [caliper] [round-orchestrator] 	Finished round 2 (acceptTransfer-10tps) in 8.102 seconds
2026.10.06-09:05:46.417[32m info [39m [caliper] [monitor.js] 	Stopping all monitors
2026.10.06-09:05:46.417[32m info [39m [caliper] [report-builder] 	### All test results ###
2026.10.06-09:05:46.420[32m info [39m [caliper] [report-builder] 	
+----------------------+------+------+-----------------+-----------------+-----------------+-----------------+------------------+
| Name                 | Succ | Fail | Send Rate (TPS) | Max Latency (s) | Min Latency (s) | Avg Latency (s) | Throughput (TPS) |
|----------------------|------|------|-----------------|-----------------|-----------------|-----------------|------------------|
| acceptTransfer-5tps  | 41   | 0    | 5.1             | 0.05            | 0.03            | 0.04            | 5.0              |
|----------------------|------|------|-----------------|-----------------|-----------------|-----------------|------------------|
| acceptTransfer-10tps | 81   | 0    | 10.1            | 0.05            | 0.03            | 0.03            | 10.1             |
+----------------------+------+------+-----------------+-----------------+-----------------+-----------------+------------------+

2026.10.06-09:05:46.441[32m info [39m [caliper] [report-builder] 	Generated report with path /home/user/MyCodes/benchmarks/caliper/results/instant/acceptTransfer-report.html
2026.10.06-09:05:46.441[32m info [39m [caliper] [monitor.js] 	Stopping all monitors
2026.10.06-09:05:46.441[32m info [39m [caliper] [worker-orchestrator] 	Sending exit message to connected workers
2026.10.06-09:05:46.442[32m info [39m [caliper] [round-orchestrator] 	Benchmark finished in 33.435 seconds. Total rounds: 2. Successful rounds: 2. Failed rounds: 0.
2026.10.06-09:05:46.442[32m info [39m [caliper] [caliper-engine] 	Skipping end command due to benchmark flow conditioning
2026.10.06-09:05:46.442[32m info [39m [caliper] [cli-launch-manager] 	Benchmark successfully finished!
2026.10.06-09:05:46.442[32m info [39m [caliper] [worker-message-handler] 	Worker#0 is exiting
