2026.10.06-09:06:15.577[32m info [39m [caliper] [cli-launch-manager] 	Set workspace path: /home/user/MyCodes/benchmarks/caliper
2026.10.06-09:06:15.578[32m info [39m [caliper] [cli-launch-manager] 	Set benchmark configuration path: /home/user/MyCodes/benchmarks/caliper/benchconfig/dispense.yaml
2026.10.06-09:06:15.579[32m info [39m [caliper] [cli-launch-manager] 	Set network configuration path: /home/user/MyCodes/benchmarks/caliper/networks/ganache-pharmacy.json
2026.10.06-09:06:15.579[32m info [39m [caliper] [cli-launch-manager] 	Set SUT type: ethereum
2026.10.06-09:06:15.998[32m info [39m [caliper] [benchmark-validator] 	No observer specified, will default to `none`
2026.10.06-09:06:15.999[32m info [39m [caliper] [caliper-engine] 	Starting benchmark flow
2026.10.06-09:06:15.999[32m info [39m [caliper] [caliper-engine] 	Skipping start commands due to benchmark flow conditioning
2026.10.06-09:06:15.999[32m info [39m [caliper] [caliper-engine] 	Skipping initialization phase due to benchmark flow conditioning
2026.10.06-09:06:15.999[32m info [39m [caliper] [caliper-engine] 	Skipping install smart contract phase due to benchmark flow conditioning
2026.10.06-09:06:16.022[32m info [39m [caliper] [monitor.js] 	No resource monitors specified
2026.10.06-09:06:16.024[32m info [39m [caliper] [default-observer] 	Observer interval set to 5000 milliseconds
2026.10.06-09:06:16.026[32m info [39m [caliper] [round-orchestrator] 	Preparing worker connections
2026.10.06-09:06:16.027[32m info [39m [caliper] [worker-orchestrator] 	Launching worker 1 of 1
2026.10.06-09:06:16.033[32m info [39m [caliper] [worker-orchestrator] 	Messenger not configured, entering configure phase...
2026.10.06-09:06:16.033[32m info [39m [caliper] [worker-orchestrator] 	No existing workers detected, entering worker launch phase...
2026.10.06-09:06:16.034[32m info [39m [caliper] [worker-orchestrator] 	Waiting for 1 workers to be connected...
2026.10.06-09:06:16.435[32m info [39m [caliper] [cli-launch-worker] 	Set workspace path: /home/user/MyCodes/benchmarks/caliper
2026.10.06-09:06:16.436[32m info [39m [caliper] [cli-launch-worker] 	Set benchmark configuration path: /home/user/MyCodes/benchmarks/caliper/benchconfig/dispense.yaml
2026.10.06-09:06:16.436[32m info [39m [caliper] [cli-launch-worker] 	Set network configuration path: /home/user/MyCodes/benchmarks/caliper/networks/ganache-pharmacy.json
2026.10.06-09:06:16.437[32m info [39m [caliper] [cli-launch-worker] 	Set SUT type: ethereum
2026.10.06-09:06:16.989[32m info [39m [caliper] [worker-orchestrator] 	1 workers connected, progressing to worker assignment phase.
2026.10.06-09:06:16.989[32m info [39m [caliper] [worker-orchestrator] 	Workers currently unassigned, awaiting index assignment...
2026.10.06-09:06:16.989[32m info [39m [caliper] [worker-orchestrator] 	Waiting for 1 workers to be assigned...
2026.10.06-09:06:17.119[32m info [39m [caliper] [worker-orchestrator] 	1 workers assigned, progressing to worker initialization phase.
2026.10.06-09:06:17.119[32m info [39m [caliper] [worker-orchestrator] 	Waiting for 1 workers to be ready...
2026.10.06-09:06:17.121[32m info [39m [caliper] [worker-message-handler] 	Initializing Worker#0...
2026.10.06-09:06:17.131[32m info [39m [caliper] [worker-message-handler] 	Worker#0 initialized
2026.10.06-09:06:17.132[32m info [39m [caliper] [worker-orchestrator] 	1 workers ready, progressing to test preparation phase.
2026.10.06-09:06:17.133[32m info [39m [caliper] [round-orchestrator] 	Started round 1 (dispense-5tps)
2026.10.06-09:06:17.136[32m info [39m [caliper] [worker-message-handler] 	Preparing Worker#0 for Round#0
2026.10.06-09:06:17.160[32m info [39m [caliper] [caliper-worker] 	Info: worker 0 prepare test phase for round 0 is starting...
2026.10.06-09:06:17.161[32m info [39m [caliper] [caliper-worker] 	Info: worker 0 prepare test phase for round 0 is completed
2026.10.06-09:06:17.161[32m info [39m [caliper] [worker-message-handler] 	Worker#0 prepared for Round#0
2026.10.06-09:06:17.162[32m info [39m [caliper] [worker-orchestrator] 	1 workers prepared, progressing to test phase.
2026.10.06-09:06:17.163[32m info [39m [caliper] [round-orchestrator] 	Monitors successfully started
2026.10.06-09:06:17.164[32m info [39m [caliper] [worker-message-handler] 	Worker#0 is starting Round#0
2026.10.06-09:06:17.172[32m info [39m [caliper] [caliper-worker] 	Worker #0 starting workload loop
2026.10.06-09:06:22.172[32m info [39m [caliper] [default-observer] 	[dispense-5tps Round 0 Transaction Info] - Submitted: 20 Succ: 20 Fail:0 Unfinished:0
2026.10.06-09:06:26.275[32m info [39m [caliper] [worker-message-handler] 	Worker#0 finished Round#0
2026.10.06-09:06:31.281[32m info [39m [caliper] [default-observer] 	Resetting txCount indicator count
2026.10.06-09:06:31.282[32m info [39m [caliper] [report-builder] 	### Test result ###
2026.10.06-09:06:31.288[32m info [39m [caliper] [report-builder] 	
+---------------+------+------+-----------------+-----------------+-----------------+-----------------+------------------+
| Name          | Succ | Fail | Send Rate (TPS) | Max Latency (s) | Min Latency (s) | Avg Latency (s) | Throughput (TPS) |
|---------------|------|------|-----------------|-----------------|-----------------|-----------------|------------------|
| dispense-5tps | 41   | 0    | 5.1             | 0.05            | 0.03            | 0.03            | 5.1              |
+---------------+------+------+-----------------+-----------------+-----------------+-----------------+------------------+

2026.10.06-09:06:31.289[32m info [39m [caliper] [round-orchestrator] 	Finished round 1 (dispense-5tps) in 8.102 seconds
2026.10.06-09:06:31.289[32m info [39m [caliper] [monitor.js] 	Stopping all monitors
2026.10.06-09:06:31.289[32m info [39m [caliper] [round-orchestrator] 	Waiting 5 seconds for the next round...
2026.10.06-09:06:36.297[32m info [39m [caliper] [round-orchestrator] 	Started round 2 (dispense-10tps)
2026.10.06-09:06:36.299[32m info [39m [caliper] [worker-message-handler] 	Preparing Worker#0 for Round#1
2026.10.06-09:06:36.306[32m info [39m [caliper] [caliper-worker] 	Info: worker 0 prepare test phase for round 1 is starting...
2026.10.06-09:06:36.308[32m info [39m [caliper] [caliper-worker] 	Info: worker 0 prepare test phase for round 1 is completed
2026.10.06-09:06:36.308[32m info [39m [caliper] [worker-message-handler] 	Worker#0 prepared for Round#1
2026.10.06-09:06:36.310[32m info [39m [caliper] [worker-orchestrator] 	1 workers prepared, progressing to test phase.
2026.10.06-09:06:36.311[32m info [39m [caliper] [round-orchestrator] 	Monitors successfully started
2026.10.06-09:06:36.312[32m info [39m [caliper] [worker-message-handler] 	Worker#0 is starting Round#1
2026.10.06-09:06:36.319[32m info [39m [caliper] [caliper-worker] 	Worker #0 starting workload loop
2026.10.06-09:06:41.312[32m info [39m [caliper] [default-observer] 	[dispense-10tps Round 1 Transaction Info] - Submitted: 41 Succ: 40 Fail:0 Unfinished:1
2026.10.06-09:06:45.422[32m info [39m [caliper] [worker-message-handler] 	Worker#0 finished Round#1
2026.10.06-09:06:50.427[32m info [39m [caliper] [default-observer] 	Resetting txCount indicator count
2026.10.06-09:06:50.427[32m info [39m [caliper] [report-builder] 	### Test result ###
2026.10.06-09:06:50.428[32m info [39m [caliper] [report-builder] 	
+----------------+------+------+-----------------+-----------------+-----------------+-----------------+------------------+
| Name           | Succ | Fail | Send Rate (TPS) | Max Latency (s) | Min Latency (s) | Avg Latency (s) | Throughput (TPS) |
|----------------|------|------|-----------------|-----------------|-----------------|-----------------|------------------|
| dispense-10tps | 81   | 0    | 10.1            | 0.06            | 0.03            | 0.04            | 10.1             |
+----------------+------+------+-----------------+-----------------+-----------------+-----------------+------------------+

2026.10.06-09:06:50.429[32m info [39m [caliper] [round-orchestrator] 	Finished round 2 (dispense-10tps) in 8.102 seconds
2026.10.06-09:06:50.429[32m info [39m [caliper] [monitor.js] 	Stopping all monitors
2026.10.06-09:06:50.429[32m info [39m [caliper] [report-builder] 	### All test results ###
2026.10.06-09:06:50.430[32m info [39m [caliper] [report-builder] 	
+----------------+------+------+-----------------+-----------------+-----------------+-----------------+------------------+
| Name           | Succ | Fail | Send Rate (TPS) | Max Latency (s) | Min Latency (s) | Avg Latency (s) | Throughput (TPS) |
|----------------|------|------|-----------------|-----------------|-----------------|-----------------|------------------|
| dispense-5tps  | 41   | 0    | 5.1             | 0.05            | 0.03            | 0.03            | 5.1              |
|----------------|------|------|-----------------|-----------------|-----------------|-----------------|------------------|
| dispense-10tps | 81   | 0    | 10.1            | 0.06            | 0.03            | 0.04            | 10.1             |
+----------------+------+------+-----------------+-----------------+-----------------+-----------------+------------------+

2026.10.06-09:06:50.439[32m info [39m [caliper] [report-builder] 	Generated report with path /home/user/MyCodes/benchmarks/caliper/results/instant/dispense-report.html
2026.10.06-09:06:50.439[32m info [39m [caliper] [monitor.js] 	Stopping all monitors
2026.10.06-09:06:50.439[32m info [39m [caliper] [worker-orchestrator] 	Sending exit message to connected workers
2026.10.06-09:06:50.439[32m info [39m [caliper] [round-orchestrator] 	Benchmark finished in 33.306 seconds. Total rounds: 2. Successful rounds: 2. Failed rounds: 0.
2026.10.06-09:06:50.439[32m info [39m [caliper] [caliper-engine] 	Skipping end command due to benchmark flow conditioning
2026.10.06-09:06:50.440[32m info [39m [caliper] [cli-launch-manager] 	Benchmark successfully finished!
2026.10.06-09:06:50.440[32m info [39m [caliper] [worker-message-handler] 	Worker#0 is exiting
