2026.10.06-09:04:26.119[32m info [39m [caliper] [cli-launch-manager] 	Set workspace path: /home/user/MyCodes/benchmarks/caliper
2026.10.06-09:04:26.120[32m info [39m [caliper] [cli-launch-manager] 	Set benchmark configuration path: /home/user/MyCodes/benchmarks/caliper/benchconfig/initiateTransfer.yaml
2026.10.06-09:04:26.121[32m info [39m [caliper] [cli-launch-manager] 	Set network configuration path: /home/user/MyCodes/benchmarks/caliper/networks/ganache-manufacturer.json
2026.10.06-09:04:26.121[32m info [39m [caliper] [cli-launch-manager] 	Set SUT type: ethereum
2026.10.06-09:04:26.511[32m info [39m [caliper] [benchmark-validator] 	No observer specified, will default to `none`
2026.10.06-09:04:26.512[32m info [39m [caliper] [caliper-engine] 	Starting benchmark flow
2026.10.06-09:04:26.513[32m info [39m [caliper] [caliper-engine] 	Skipping start commands due to benchmark flow conditioning
2026.10.06-09:04:26.513[32m info [39m [caliper] [caliper-engine] 	Skipping initialization phase due to benchmark flow conditioning
2026.10.06-09:04:26.513[32m info [39m [caliper] [caliper-engine] 	Skipping install smart contract phase due to benchmark flow conditioning
2026.10.06-09:04:26.541[32m info [39m [caliper] [monitor.js] 	No resource monitors specified
2026.10.06-09:04:26.543[32m info [39m [caliper] [default-observer] 	Observer interval set to 5000 milliseconds
2026.10.06-09:04:26.547[32m info [39m [caliper] [round-orchestrator] 	Preparing worker connections
2026.10.06-09:04:26.547[32m info [39m [caliper] [worker-orchestrator] 	Launching worker 1 of 1
2026.10.06-09:04:26.555[32m info [39m [caliper] [worker-orchestrator] 	Messenger not configured, entering configure phase...
2026.10.06-09:04:26.555[32m info [39m [caliper] [worker-orchestrator] 	No existing workers detected, entering worker launch phase...
2026.10.06-09:04:26.556[32m info [39m [caliper] [worker-orchestrator] 	Waiting for 1 workers to be connected...
2026.10.06-09:04:26.955[32m info [39m [caliper] [cli-launch-worker] 	Set workspace path: /home/user/MyCodes/benchmarks/caliper
2026.10.06-09:04:26.956[32m info [39m [caliper] [cli-launch-worker] 	Set benchmark configuration path: /home/user/MyCodes/benchmarks/caliper/benchconfig/initiateTransfer.yaml
2026.10.06-09:04:26.956[32m info [39m [caliper] [cli-launch-worker] 	Set network configuration path: /home/user/MyCodes/benchmarks/caliper/networks/ganache-manufacturer.json
2026.10.06-09:04:26.957[32m info [39m [caliper] [cli-launch-worker] 	Set SUT type: ethereum
2026.10.06-09:04:27.344[32m info [39m [caliper] [worker-orchestrator] 	1 workers connected, progressing to worker assignment phase.
2026.10.06-09:04:27.344[32m info [39m [caliper] [worker-orchestrator] 	Workers currently unassigned, awaiting index assignment...
2026.10.06-09:04:27.344[32m info [39m [caliper] [worker-orchestrator] 	Waiting for 1 workers to be assigned...
2026.10.06-09:04:27.402[32m info [39m [caliper] [worker-orchestrator] 	1 workers assigned, progressing to worker initialization phase.
2026.10.06-09:04:27.403[32m info [39m [caliper] [worker-orchestrator] 	Waiting for 1 workers to be ready...
2026.10.06-09:04:27.403[32m info [39m [caliper] [worker-message-handler] 	Initializing Worker#0...
2026.10.06-09:04:27.414[32m info [39m [caliper] [worker-message-handler] 	Worker#0 initialized
2026.10.06-09:04:27.415[32m info [39m [caliper] [worker-orchestrator] 	1 workers ready, progressing to test preparation phase.
2026.10.06-09:04:27.415[32m info [39m [caliper] [round-orchestrator] 	Started round 1 (initiateTransfer-5tps)
2026.10.06-09:04:27.418[32m info [39m [caliper] [worker-message-handler] 	Preparing Worker#0 for Round#0
2026.10.06-09:04:27.447[32m info [39m [caliper] [caliper-worker] 	Info: worker 0 prepare test phase for round 0 is starting...
2026.10.06-09:04:27.449[32m info [39m [caliper] [caliper-worker] 	Info: worker 0 prepare test phase for round 0 is completed
2026.10.06-09:04:27.449[32m info [39m [caliper] [worker-message-handler] 	Worker#0 prepared for Round#0
2026.10.06-09:04:27.450[32m info [39m [caliper] [worker-orchestrator] 	1 workers prepared, progressing to test phase.
2026.10.06-09:04:27.450[32m info [39m [caliper] [round-orchestrator] 	Monitors successfully started
2026.10.06-09:04:27.452[32m info [39m [caliper] [worker-message-handler] 	Worker#0 is starting Round#0
2026.10.06-09:04:27.459[32m info [39m [caliper] [caliper-worker] 	Worker #0 starting workload loop
2026.10.06-09:04:32.461[32m info [39m [caliper] [default-observer] 	[initiateTransfer-5tps Round 0 Transaction Info] - Submitted: 20 Succ: 20 Fail:0 Unfinished:0
2026.10.06-09:04:36.569[32m info [39m [caliper] [worker-message-handler] 	Worker#0 finished Round#0
2026.10.06-09:04:41.579[32m info [39m [caliper] [default-observer] 	Resetting txCount indicator count
2026.10.06-09:04:41.580[32m info [39m [caliper] [report-builder] 	### Test result ###
2026.10.06-09:04:41.585[32m info [39m [caliper] [report-builder] 	
+-----------------------+------+------+-----------------+-----------------+-----------------+-----------------+------------------+
| Name                  | Succ | Fail | Send Rate (TPS) | Max Latency (s) | Min Latency (s) | Avg Latency (s) | Throughput (TPS) |
|-----------------------|------|------|-----------------|-----------------|-----------------|-----------------|------------------|
| initiateTransfer-5tps | 41   | 0    | 5.1             | 0.05            | 0.03            | 0.03            | 5.1              |
+-----------------------+------+------+-----------------+-----------------+-----------------+-----------------+------------------+

2026.10.06-09:04:41.586[32m info [39m [caliper] [round-orchestrator] 	Finished round 1 (initiateTransfer-5tps) in 8.109 seconds
2026.10.06-09:04:41.586[32m info [39m [caliper] [monitor.js] 	Stopping all monitors
2026.10.06-09:04:41.586[32m info [39m [caliper] [round-orchestrator] 	Waiting 5 seconds for the next round...
2026.10.06-09:04:46.590[32m info [39m [caliper] [round-orchestrator] 	Started round 2 (initiateTransfer-10tps)
2026.10.06-09:04:46.592[32m info [39m [caliper] [worker-message-handler] 	Preparing Worker#0 for Round#1
2026.10.06-09:04:46.598[32m info [39m [caliper] [caliper-worker] 	Info: worker 0 prepare test phase for round 1 is starting...
2026.10.06-09:04:46.601[32m info [39m [caliper] [caliper-worker] 	Info: worker 0 prepare test phase for round 1 is completed
2026.10.06-09:04:46.601[32m info [39m [caliper] [worker-message-handler] 	Worker#0 prepared for Round#1
2026.10.06-09:04:46.602[32m info [39m [caliper] [worker-orchestrator] 	1 workers prepared, progressing to test phase.
2026.10.06-09:04:46.602[32m info [39m [caliper] [round-orchestrator] 	Monitors successfully started
2026.10.06-09:04:46.603[32m info [39m [caliper] [worker-message-handler] 	Worker#0 is starting Round#1
2026.10.06-09:04:46.610[32m info [39m [caliper] [caliper-worker] 	Worker #0 starting workload loop
2026.10.06-09:04:51.603[32m info [39m [caliper] [default-observer] 	[initiateTransfer-10tps Round 1 Transaction Info] - Submitted: 41 Succ: 40 Fail:0 Unfinished:1
2026.10.06-09:04:55.712[32m info [39m [caliper] [worker-message-handler] 	Worker#0 finished Round#1
2026.10.06-09:05:00.718[32m info [39m [caliper] [default-observer] 	Resetting txCount indicator count
2026.10.06-09:05:00.718[32m info [39m [caliper] [report-builder] 	### Test result ###
2026.10.06-09:05:00.719[32m info [39m [caliper] [report-builder] 	
+------------------------+------+------+-----------------+-----------------+-----------------+-----------------+------------------+
| Name                   | Succ | Fail | Send Rate (TPS) | Max Latency (s) | Min Latency (s) | Avg Latency (s) | Throughput (TPS) |
|------------------------|------|------|-----------------|-----------------|-----------------|-----------------|------------------|
| initiateTransfer-10tps | 81   | 0    | 10.1            | 0.05            | 0.03            | 0.03            | 10.1             |
+------------------------+------+------+-----------------+-----------------+-----------------+-----------------+------------------+

2026.10.06-09:05:00.719[32m info [39m [caliper] [round-orchestrator] 	Finished round 2 (initiateTransfer-10tps) in 8.102 seconds
2026.10.06-09:05:00.719[32m info [39m [caliper] [monitor.js] 	Stopping all monitors
2026.10.06-09:05:00.720[32m info [39m [caliper] [report-builder] 	### All test results ###
2026.10.06-09:05:00.721[32m info [39m [caliper] [report-builder] 	
+------------------------+------+------+-----------------+-----------------+-----------------+-----------------+------------------+
| Name                   | Succ | Fail | Send Rate (TPS) | Max Latency (s) | Min Latency (s) | Avg Latency (s) | Throughput (TPS) |
|------------------------|------|------|-----------------|-----------------|-----------------|-----------------|------------------|
| initiateTransfer-5tps  | 41   | 0    | 5.1             | 0.05            | 0.03            | 0.03            | 5.1              |
|------------------------|------|------|-----------------|-----------------|-----------------|-----------------|------------------|
| initiateTransfer-10tps | 81   | 0    | 10.1            | 0.05            | 0.03            | 0.03            | 10.1             |
+------------------------+------+------+-----------------+-----------------+-----------------+-----------------+------------------+

2026.10.06-09:05:00.730[32m info [39m [caliper] [report-builder] 	Generated report with path /home/user/MyCodes/benchmarks/caliper/results/instant/initiateTransfer-report.html
2026.10.06-09:05:00.731[32m info [39m [caliper] [monitor.js] 	Stopping all monitors
2026.10.06-09:05:00.731[32m info [39m [caliper] [worker-orchestrator] 	Sending exit message to connected workers
2026.10.06-09:05:00.731[32m info [39m [caliper] [round-orchestrator] 	Benchmark finished in 33.316 seconds. Total rounds: 2. Successful rounds: 2. Failed rounds: 0.
2026.10.06-09:05:00.731[32m info [39m [caliper] [caliper-engine] 	Skipping end command due to benchmark flow conditioning
2026.10.06-09:05:00.731[32m info [39m [caliper] [cli-launch-manager] 	Benchmark successfully finished!
2026.10.06-09:05:00.732[32m info [39m [caliper] [worker-message-handler] 	Worker#0 is exiting
