2026.10.06-09:06:54.744[32m info [39m [caliper] [cli-launch-manager] 	Set workspace path: /home/user/MyCodes/benchmarks/caliper
2026.10.06-09:06:54.746[32m info [39m [caliper] [cli-launch-manager] 	Set benchmark configuration path: /home/user/MyCodes/benchmarks/caliper/benchconfig/verify.yaml
2026.10.06-09:06:54.746[32m info [39m [caliper] [cli-launch-manager] 	Set network configuration path: /home/user/MyCodes/benchmarks/caliper/networks/ganache-manufacturer.json
2026.10.06-09:06:54.746[32m info [39m [caliper] [cli-launch-manager] 	Set SUT type: ethereum
2026.10.06-09:06:55.141[32m info [39m [caliper] [benchmark-validator] 	No observer specified, will default to `none`
2026.10.06-09:06:55.141[32m info [39m [caliper] [caliper-engine] 	Starting benchmark flow
2026.10.06-09:06:55.141[32m info [39m [caliper] [caliper-engine] 	Skipping start commands due to benchmark flow conditioning
2026.10.06-09:06:55.142[32m info [39m [caliper] [caliper-engine] 	Skipping initialization phase due to benchmark flow conditioning
2026.10.06-09:06:55.142[32m info [39m [caliper] [caliper-engine] 	Skipping install smart contract phase due to benchmark flow conditioning
2026.10.06-09:06:55.163[32m info [39m [caliper] [monitor.js] 	No resource monitors specified
2026.10.06-09:06:55.167[32m info [39m [caliper] [default-observer] 	Observer interval set to 5000 milliseconds
2026.10.06-09:06:55.169[32m info [39m [caliper] [round-orchestrator] 	Preparing worker connections
2026.10.06-09:06:55.170[32m info [39m [caliper] [worker-orchestrator] 	Launching worker 1 of 1
2026.10.06-09:06:55.177[32m info [39m [caliper] [worker-orchestrator] 	Messenger not configured, entering configure phase...
2026.10.06-09:06:55.177[32m info [39m [caliper] [worker-orchestrator] 	No existing workers detected, entering worker launch phase...
2026.10.06-09:06:55.178[32m info [39m [caliper] [worker-orchestrator] 	Waiting for 1 workers to be connected...
2026.10.06-09:06:55.631[32m info [39m [caliper] [cli-launch-worker] 	Set workspace path: /home/user/MyCodes/benchmarks/caliper
2026.10.06-09:06:55.632[32m info [39m [caliper] [cli-launch-worker] 	Set benchmark configuration path: /home/user/MyCodes/benchmarks/caliper/benchconfig/verify.yaml
2026.10.06-09:06:55.632[32m info [39m [caliper] [cli-launch-worker] 	Set network configuration path: /home/user/MyCodes/benchmarks/caliper/networks/ganache-manufacturer.json
2026.10.06-09:06:55.632[32m info [39m [caliper] [cli-launch-worker] 	Set SUT type: ethereum
2026.10.06-09:06:56.372[32m info [39m [caliper] [worker-orchestrator] 	1 workers connected, progressing to worker assignment phase.
2026.10.06-09:06:56.372[32m info [39m [caliper] [worker-orchestrator] 	Workers currently unassigned, awaiting index assignment...
2026.10.06-09:06:56.372[32m info [39m [caliper] [worker-orchestrator] 	Waiting for 1 workers to be assigned...
2026.10.06-09:06:56.547[32m info [39m [caliper] [worker-orchestrator] 	1 workers assigned, progressing to worker initialization phase.
2026.10.06-09:06:56.548[32m info [39m [caliper] [worker-orchestrator] 	Waiting for 1 workers to be ready...
2026.10.06-09:06:56.549[32m info [39m [caliper] [worker-message-handler] 	Initializing Worker#0...
2026.10.06-09:06:56.564[32m info [39m [caliper] [worker-message-handler] 	Worker#0 initialized
2026.10.06-09:06:56.565[32m info [39m [caliper] [worker-orchestrator] 	1 workers ready, progressing to test preparation phase.
2026.10.06-09:06:56.565[32m info [39m [caliper] [round-orchestrator] 	Started round 1 (verify-5tps)
2026.10.06-09:06:56.570[32m info [39m [caliper] [worker-message-handler] 	Preparing Worker#0 for Round#0
2026.10.06-09:06:56.607[32m info [39m [caliper] [caliper-worker] 	Info: worker 0 prepare test phase for round 0 is starting...
2026.10.06-09:06:56.609[32m info [39m [caliper] [caliper-worker] 	Info: worker 0 prepare test phase for round 0 is completed
2026.10.06-09:06:56.609[32m info [39m [caliper] [worker-message-handler] 	Worker#0 prepared for Round#0
2026.10.06-09:06:56.610[32m info [39m [caliper] [worker-orchestrator] 	1 workers prepared, progressing to test phase.
2026.10.06-09:06:56.610[32m info [39m [caliper] [round-orchestrator] 	Monitors successfully started
2026.10.06-09:06:56.612[32m info [39m [caliper] [worker-message-handler] 	Worker#0 is starting Round#0
2026.10.06-09:06:56.627[32m info [39m [caliper] [caliper-worker] 	Worker #0 starting workload loop
2026.10.06-09:07:01.622[32m info [39m [caliper] [default-observer] 	[verify-5tps Round 0 Transaction Info] - Submitted: 21 Succ: 20 Fail:0 Unfinished:1
2026.10.06-09:07:05.730[32m info [39m [caliper] [worker-message-handler] 	Worker#0 finished Round#0
2026.10.06-09:07:10.736[32m info [39m [caliper] [default-observer] 	Resetting txCount indicator count
2026.10.06-09:07:10.737[32m info [39m [caliper] [report-builder] 	### Test result ###
2026.10.06-09:07:10.741[32m info [39m [caliper] [report-builder] 	
+-------------+------+------+-----------------+-----------------+-----------------+-----------------+------------------+
| Name        | Succ | Fail | Send Rate (TPS) | Max Latency (s) | Min Latency (s) | Avg Latency (s) | Throughput (TPS) |
|-------------|------|------|-----------------|-----------------|-----------------|-----------------|------------------|
| verify-5tps | 41   | 0    | 5.1             | 0.03            | 0.01            | 0.01            | 5.1              |
+-------------+------+------+-----------------+-----------------+-----------------+-----------------+------------------+

2026.10.06-09:07:10.741[32m info [39m [caliper] [round-orchestrator] 	Finished round 1 (verify-5tps) in 8.103 seconds
2026.10.06-09:07:10.742[32m info [39m [caliper] [monitor.js] 	Stopping all monitors
2026.10.06-09:07:10.742[32m info [39m [caliper] [round-orchestrator] 	Waiting 5 seconds for the next round...
2026.10.06-09:07:15.746[32m info [39m [caliper] [round-orchestrator] 	Started round 2 (verify-10tps)
2026.10.06-09:07:15.748[32m info [39m [caliper] [worker-message-handler] 	Preparing Worker#0 for Round#1
2026.10.06-09:07:15.754[32m info [39m [caliper] [caliper-worker] 	Info: worker 0 prepare test phase for round 1 is starting...
2026.10.06-09:07:15.756[32m info [39m [caliper] [caliper-worker] 	Info: worker 0 prepare test phase for round 1 is completed
2026.10.06-09:07:15.756[32m info [39m [caliper] [worker-message-handler] 	Worker#0 prepared for Round#1
2026.10.06-09:07:15.758[32m info [39m [caliper] [worker-orchestrator] 	1 workers prepared, progressing to test phase.
2026.10.06-09:07:15.759[32m info [39m [caliper] [round-orchestrator] 	Monitors successfully started
2026.10.06-09:07:15.759[32m info [39m [caliper] [worker-message-handler] 	Worker#0 is starting Round#1
2026.10.06-09:07:15.766[32m info [39m [caliper] [caliper-worker] 	Worker #0 starting workload loop
2026.10.06-09:07:20.760[32m info [39m [caliper] [default-observer] 	[verify-10tps Round 1 Transaction Info] - Submitted: 40 Succ: 40 Fail:0 Unfinished:0
2026.10.06-09:07:24.869[32m info [39m [caliper] [worker-message-handler] 	Worker#0 finished Round#1
2026.10.06-09:07:29.875[32m info [39m [caliper] [default-observer] 	Resetting txCount indicator count
2026.10.06-09:07:29.876[32m info [39m [caliper] [report-builder] 	### Test result ###
2026.10.06-09:07:29.877[32m info [39m [caliper] [report-builder] 	
+--------------+------+------+-----------------+-----------------+-----------------+-----------------+------------------+
| Name         | Succ | Fail | Send Rate (TPS) | Max Latency (s) | Min Latency (s) | Avg Latency (s) | Throughput (TPS) |
|--------------|------|------|-----------------|-----------------|-----------------|-----------------|------------------|
| verify-10tps | 81   | 0    | 10.1            | 0.03            | 0.01            | 0.01            | 10.1             |
+--------------+------+------+-----------------+-----------------+-----------------+-----------------+------------------+

2026.10.06-09:07:29.877[32m info [39m [caliper] [round-orchestrator] 	Finished round 2 (verify-10tps) in 8.102 seconds
2026.10.06-09:07:29.877[32m info [39m [caliper] [monitor.js] 	Stopping all monitors
2026.10.06-09:07:29.878[32m info [39m [caliper] [report-builder] 	### All test results ###
2026.10.06-09:07:29.879[32m info [39m [caliper] [report-builder] 	
+--------------+------+------+-----------------+-----------------+-----------------+-----------------+------------------+
| Name         | Succ | Fail | Send Rate (TPS) | Max Latency (s) | Min Latency (s) | Avg Latency (s) | Throughput (TPS) |
|--------------|------|------|-----------------|-----------------|-----------------|-----------------|------------------|
| verify-5tps  | 41   | 0    | 5.1             | 0.03            | 0.01            | 0.01            | 5.1              |
|--------------|------|------|-----------------|-----------------|-----------------|-----------------|------------------|
| verify-10tps | 81   | 0    | 10.1            | 0.03            | 0.01            | 0.01            | 10.1             |
+--------------+------+------+-----------------+-----------------+-----------------+-----------------+------------------+

2026.10.06-09:07:29.889[32m info [39m [caliper] [report-builder] 	Generated report with path /home/user/MyCodes/benchmarks/caliper/results/instant/verify-report.html
2026.10.06-09:07:29.889[32m info [39m [caliper] [monitor.js] 	Stopping all monitors
2026.10.06-09:07:29.889[32m info [39m [caliper] [worker-orchestrator] 	Sending exit message to connected workers
2026.10.06-09:07:29.889[32m info [39m [caliper] [round-orchestrator] 	Benchmark finished in 33.324 seconds. Total rounds: 2. Successful rounds: 2. Failed rounds: 0.
2026.10.06-09:07:29.889[32m info [39m [caliper] [caliper-engine] 	Skipping end command due to benchmark flow conditioning
2026.10.06-09:07:29.889[32m info [39m [caliper] [cli-launch-manager] 	Benchmark successfully finished!
2026.10.06-09:07:29.890[32m info [39m [caliper] [worker-message-handler] 	Worker#0 is exiting
