2026.10.06-12:47:49.334[32m info [39m [caliper] [cli-launch-manager] 	Set workspace path: /home/user/MyCodes/benchmarks/caliper
2026.10.06-12:47:49.335[32m info [39m [caliper] [cli-launch-manager] 	Set benchmark configuration path: /home/user/MyCodes/benchmarks/caliper/benchconfig/acceptTransfer.yaml
2026.10.06-12:47:49.336[32m info [39m [caliper] [cli-launch-manager] 	Set network configuration path: /home/user/MyCodes/benchmarks/caliper/networks/ganache-distributor.json
2026.10.06-12:47:49.336[32m info [39m [caliper] [cli-launch-manager] 	Set SUT type: ethereum
2026.10.06-12:47:49.869[32m info [39m [caliper] [benchmark-validator] 	No observer specified, will default to `none`
2026.10.06-12:47:49.870[32m info [39m [caliper] [caliper-engine] 	Starting benchmark flow
2026.10.06-12:47:49.870[32m info [39m [caliper] [caliper-engine] 	Skipping start commands due to benchmark flow conditioning
2026.10.06-12:47:49.870[32m info [39m [caliper] [caliper-engine] 	Skipping initialization phase due to benchmark flow conditioning
2026.10.06-12:47:49.871[32m info [39m [caliper] [caliper-engine] 	Skipping install smart contract phase due to benchmark flow conditioning
2026.10.06-12:47:49.904[32m info [39m [caliper] [monitor.js] 	No resource monitors specified
2026.10.06-12:47:49.906[32m info [39m [caliper] [default-observer] 	Observer interval set to 5000 milliseconds
2026.10.06-12:47:49.909[32m info [39m [caliper] [round-orchestrator] 	Preparing worker connections
2026.10.06-12:47:49.910[32m info [39m [caliper] [worker-orchestrator] 	Launching worker 1 of 1
2026.10.06-12:47:49.922[32m info [39m [caliper] [worker-orchestrator] 	Messenger not configured, entering configure phase...
2026.10.06-12:47:49.923[32m info [39m [caliper] [worker-orchestrator] 	No existing workers detected, entering worker launch phase...
2026.10.06-12:47:49.924[32m info [39m [caliper] [worker-orchestrator] 	Waiting for 1 workers to be connected...
2026.10.06-12:47:50.795[32m info [39m [caliper] [cli-launch-worker] 	Set workspace path: /home/user/MyCodes/benchmarks/caliper
2026.10.06-12:47:50.797[32m info [39m [caliper] [cli-launch-worker] 	Set benchmark configuration path: /home/user/MyCodes/benchmarks/caliper/benchconfig/acceptTransfer.yaml
2026.10.06-12:47:50.797[32m info [39m [caliper] [cli-launch-worker] 	Set network configuration path: /home/user/MyCodes/benchmarks/caliper/networks/ganache-distributor.json
2026.10.06-12:47:50.797[32m info [39m [caliper] [cli-launch-worker] 	Set SUT type: ethereum
2026.10.06-12:47:51.778[32m info [39m [caliper] [worker-orchestrator] 	1 workers connected, progressing to worker assignment phase.
2026.10.06-12:47:51.778[32m info [39m [caliper] [worker-orchestrator] 	Workers currently unassigned, awaiting index assignment...
2026.10.06-12:47:51.778[32m info [39m [caliper] [worker-orchestrator] 	Waiting for 1 workers to be assigned...
2026.10.06-12:47:52.066[32m info [39m [caliper] [worker-orchestrator] 	1 workers assigned, progressing to worker initialization phase.
2026.10.06-12:47:52.066[32m info [39m [caliper] [worker-orchestrator] 	Waiting for 1 workers to be ready...
2026.10.06-12:47:52.067[32m info [39m [caliper] [worker-message-handler] 	Initializing Worker#0...
2026.10.06-12:47:52.081[32m info [39m [caliper] [worker-message-handler] 	Worker#0 initialized
2026.10.06-12:47:52.083[32m info [39m [caliper] [worker-orchestrator] 	1 workers ready, progressing to test preparation phase.
2026.10.06-12:47:52.083[32m info [39m [caliper] [round-orchestrator] 	Started round 1 (acceptTransfer-5tps)
2026.10.06-12:47:52.087[32m info [39m [caliper] [worker-message-handler] 	Preparing Worker#0 for Round#0
2026.10.06-12:47:52.119[32m info [39m [caliper] [caliper-worker] 	Info: worker 0 prepare test phase for round 0 is starting...
2026.10.06-12:47:52.121[32m info [39m [caliper] [caliper-worker] 	Info: worker 0 prepare test phase for round 0 is completed
2026.10.06-12:47:52.121[32m info [39m [caliper] [worker-message-handler] 	Worker#0 prepared for Round#0
2026.10.06-12:47:52.123[32m info [39m [caliper] [worker-orchestrator] 	1 workers prepared, progressing to test phase.
2026.10.06-12:47:52.123[32m info [39m [caliper] [round-orchestrator] 	Monitors successfully started
2026.10.06-12:47:52.126[32m info [39m [caliper] [worker-message-handler] 	Worker#0 is starting Round#0
2026.10.06-12:47:52.144[32m info [39m [caliper] [caliper-worker] 	Worker #0 starting workload loop
2026.10.06-12:47:57.136[32m info [39m [caliper] [default-observer] 	[acceptTransfer-5tps Round 0 Transaction Info] - Submitted: 20 Succ: 19 Fail:0 Unfinished:1
2026.10.06-12:48:01.951[32m info [39m [caliper] [worker-message-handler] 	Worker#0 finished Round#0
2026.10.06-12:48:06.954[32m info [39m [caliper] [default-observer] 	Resetting txCount indicator count
2026.10.06-12:48:06.955[32m info [39m [caliper] [report-builder] 	### Test result ###
2026.10.06-12:48:06.960[32m info [39m [caliper] [report-builder] 	
+---------------------+------+------+-----------------+-----------------+-----------------+-----------------+------------------+
| Name                | Succ | Fail | Send Rate (TPS) | Max Latency (s) | Min Latency (s) | Avg Latency (s) | Throughput (TPS) |
|---------------------|------|------|-----------------|-----------------|-----------------|-----------------|------------------|
| acceptTransfer-5tps | 41   | 0    | 5.1             | 2.49            | 0.12            | 1.26            | 4.7              |
+---------------------+------+------+-----------------+-----------------+-----------------+-----------------+------------------+

2026.10.06-12:48:06.961[32m info [39m [caliper] [round-orchestrator] 	Finished round 1 (acceptTransfer-5tps) in 8.807 seconds
2026.10.06-12:48:06.961[32m info [39m [caliper] [monitor.js] 	Stopping all monitors
2026.10.06-12:48:06.961[32m info [39m [caliper] [round-orchestrator] 	Waiting 5 seconds for the next round...
2026.10.06-12:48:11.964[32m info [39m [caliper] [round-orchestrator] 	Started round 2 (acceptTransfer-10tps)
2026.10.06-12:48:11.966[32m info [39m [caliper] [worker-message-handler] 	Preparing Worker#0 for Round#1
2026.10.06-12:48:11.972[32m info [39m [caliper] [caliper-worker] 	Info: worker 0 prepare test phase for round 1 is starting...
2026.10.06-12:48:11.974[32m info [39m [caliper] [caliper-worker] 	Info: worker 0 prepare test phase for round 1 is completed
2026.10.06-12:48:11.974[32m info [39m [caliper] [worker-message-handler] 	Worker#0 prepared for Round#1
2026.10.06-12:48:11.975[32m info [39m [caliper] [worker-orchestrator] 	1 workers prepared, progressing to test phase.
2026.10.06-12:48:11.975[32m info [39m [caliper] [round-orchestrator] 	Monitors successfully started
2026.10.06-12:48:11.977[32m info [39m [caliper] [worker-message-handler] 	Worker#0 is starting Round#1
2026.10.06-12:48:11.984[32m info [39m [caliper] [caliper-worker] 	Worker #0 starting workload loop
2026.10.06-12:48:16.977[32m info [39m [caliper] [default-observer] 	[acceptTransfer-10tps Round 1 Transaction Info] - Submitted: 41 Succ: 17 Fail:0 Unfinished:24
2026.10.06-12:48:21.391[32m info [39m [caliper] [worker-message-handler] 	Worker#0 finished Round#1
2026.10.06-12:48:26.397[32m info [39m [caliper] [default-observer] 	Resetting txCount indicator count
2026.10.06-12:48:26.397[32m info [39m [caliper] [report-builder] 	### Test result ###
2026.10.06-12:48:26.399[32m info [39m [caliper] [report-builder] 	
+----------------------+------+------+-----------------+-----------------+-----------------+-----------------+------------------+
| Name                 | Succ | Fail | Send Rate (TPS) | Max Latency (s) | Min Latency (s) | Avg Latency (s) | Throughput (TPS) |
|----------------------|------|------|-----------------|-----------------|-----------------|-----------------|------------------|
| acceptTransfer-10tps | 81   | 0    | 10.1            | 3.50            | 0.13            | 1.62            | 9.6              |
+----------------------+------+------+-----------------+-----------------+-----------------+-----------------+------------------+

2026.10.06-12:48:26.400[32m info [39m [caliper] [round-orchestrator] 	Finished round 2 (acceptTransfer-10tps) in 8.406 seconds
2026.10.06-12:48:26.400[32m info [39m [caliper] [monitor.js] 	Stopping all monitors
2026.10.06-12:48:26.400[32m info [39m [caliper] [report-builder] 	### All test results ###
2026.10.06-12:48:26.401[32m info [39m [caliper] [report-builder] 	
+----------------------+------+------+-----------------+-----------------+-----------------+-----------------+------------------+
| Name                 | Succ | Fail | Send Rate (TPS) | Max Latency (s) | Min Latency (s) | Avg Latency (s) | Throughput (TPS) |
|----------------------|------|------|-----------------|-----------------|-----------------|-----------------|------------------|
| acceptTransfer-5tps  | 41   | 0    | 5.1             | 2.49            | 0.12            | 1.26            | 4.7              |
|----------------------|------|------|-----------------|-----------------|-----------------|-----------------|------------------|
| acceptTransfer-10tps | 81   | 0    | 10.1            | 3.50            | 0.13            | 1.62            | 9.6              |
+----------------------+------+------+-----------------+-----------------+-----------------+-----------------+------------------+

2026.10.06-12:48:26.412[32m info [39m [caliper] [report-builder] 	Generated report with path /home/user/MyCodes/benchmarks/caliper/results/fixed-blocktime/acceptTransfer-report.html
2026.10.06-12:48:26.412[32m info [39m [caliper] [monitor.js] 	Stopping all monitors
2026.10.06-12:48:26.412[32m info [39m [caliper] [worker-orchestrator] 	Sending exit message to connected workers
2026.10.06-12:48:26.413[32m info [39m [caliper] [round-orchestrator] 	Benchmark finished in 34.33 seconds. Total rounds: 2. Successful rounds: 2. Failed rounds: 0.
2026.10.06-12:48:26.413[32m info [39m [caliper] [caliper-engine] 	Skipping end command due to benchmark flow conditioning
2026.10.06-12:48:26.413[32m info [39m [caliper] [cli-launch-manager] 	Benchmark successfully finished!
2026.10.06-12:48:26.413[32m info [39m [caliper] [worker-message-handler] 	Worker#0 is exiting
