2026.10.06-12:50:00.771[32m info [39m [caliper] [cli-launch-manager] 	Set workspace path: /home/user/MyCodes/benchmarks/caliper
2026.10.06-12:50:00.773[32m info [39m [caliper] [cli-launch-manager] 	Set benchmark configuration path: /home/user/MyCodes/benchmarks/caliper/benchconfig/dispense.yaml
2026.10.06-12:50:00.773[32m info [39m [caliper] [cli-launch-manager] 	Set network configuration path: /home/user/MyCodes/benchmarks/caliper/networks/ganache-pharmacy.json
2026.10.06-12:50:00.773[32m info [39m [caliper] [cli-launch-manager] 	Set SUT type: ethereum
2026.10.06-12:50:01.575[32m info [39m [caliper] [benchmark-validator] 	No observer specified, will default to `none`
2026.10.06-12:50:01.575[32m info [39m [caliper] [caliper-engine] 	Starting benchmark flow
2026.10.06-12:50:01.576[32m info [39m [caliper] [caliper-engine] 	Skipping start commands due to benchmark flow conditioning
2026.10.06-12:50:01.576[32m info [39m [caliper] [caliper-engine] 	Skipping initialization phase due to benchmark flow conditioning
2026.10.06-12:50:01.577[32m info [39m [caliper] [caliper-engine] 	Skipping install smart contract phase due to benchmark flow conditioning
2026.10.06-12:50:01.628[32m info [39m [caliper] [monitor.js] 	No resource monitors specified
2026.10.06-12:50:01.632[32m info [39m [caliper] [default-observer] 	Observer interval set to 5000 milliseconds
2026.10.06-12:50:01.636[32m info [39m [caliper] [round-orchestrator] 	Preparing worker connections
2026.10.06-12:50:01.637[32m info [39m [caliper] [worker-orchestrator] 	Launching worker 1 of 1
2026.10.06-12:50:01.648[32m info [39m [caliper] [worker-orchestrator] 	Messenger not configured, entering configure phase...
2026.10.06-12:50:01.649[32m info [39m [caliper] [worker-orchestrator] 	No existing workers detected, entering worker launch phase...
2026.10.06-12:50:01.650[32m info [39m [caliper] [worker-orchestrator] 	Waiting for 1 workers to be connected...
2026.10.06-12:50:02.461[32m info [39m [caliper] [cli-launch-worker] 	Set workspace path: /home/user/MyCodes/benchmarks/caliper
2026.10.06-12:50:02.464[32m info [39m [caliper] [cli-launch-worker] 	Set benchmark configuration path: /home/user/MyCodes/benchmarks/caliper/benchconfig/dispense.yaml
2026.10.06-12:50:02.464[32m info [39m [caliper] [cli-launch-worker] 	Set network configuration path: /home/user/MyCodes/benchmarks/caliper/networks/ganache-pharmacy.json
2026.10.06-12:50:02.464[32m info [39m [caliper] [cli-launch-worker] 	Set SUT type: ethereum
2026.10.06-12:50:03.272[32m info [39m [caliper] [worker-orchestrator] 	1 workers connected, progressing to worker assignment phase.
2026.10.06-12:50:03.272[32m info [39m [caliper] [worker-orchestrator] 	Workers currently unassigned, awaiting index assignment...
2026.10.06-12:50:03.273[32m info [39m [caliper] [worker-orchestrator] 	Waiting for 1 workers to be assigned...
2026.10.06-12:50:03.431[32m info [39m [caliper] [worker-orchestrator] 	1 workers assigned, progressing to worker initialization phase.
2026.10.06-12:50:03.431[32m info [39m [caliper] [worker-orchestrator] 	Waiting for 1 workers to be ready...
2026.10.06-12:50:03.432[32m info [39m [caliper] [worker-message-handler] 	Initializing Worker#0...
2026.10.06-12:50:03.445[32m info [39m [caliper] [worker-message-handler] 	Worker#0 initialized
2026.10.06-12:50:03.446[32m info [39m [caliper] [worker-orchestrator] 	1 workers ready, progressing to test preparation phase.
2026.10.06-12:50:03.446[32m info [39m [caliper] [round-orchestrator] 	Started round 1 (dispense-5tps)
2026.10.06-12:50:03.451[32m info [39m [caliper] [worker-message-handler] 	Preparing Worker#0 for Round#0
2026.10.06-12:50:03.481[32m info [39m [caliper] [caliper-worker] 	Info: worker 0 prepare test phase for round 0 is starting...
2026.10.06-12:50:03.483[32m info [39m [caliper] [caliper-worker] 	Info: worker 0 prepare test phase for round 0 is completed
2026.10.06-12:50:03.484[32m info [39m [caliper] [worker-message-handler] 	Worker#0 prepared for Round#0
2026.10.06-12:50:03.485[32m info [39m [caliper] [worker-orchestrator] 	1 workers prepared, progressing to test phase.
2026.10.06-12:50:03.485[32m info [39m [caliper] [round-orchestrator] 	Monitors successfully started
2026.10.06-12:50:03.487[32m info [39m [caliper] [worker-message-handler] 	Worker#0 is starting Round#0
2026.10.06-12:50:03.501[32m info [39m [caliper] [caliper-worker] 	Worker #0 starting workload loop
2026.10.06-12:50:08.501[32m info [39m [caliper] [default-observer] 	[dispense-5tps Round 0 Transaction Info] - Submitted: 21 Succ: 11 Fail:0 Unfinished:10
2026.10.06-12:50:13.487[32m info [39m [caliper] [default-observer] 	[dispense-5tps Round 0 Transaction Info] - Submitted: 41 Succ: 41 Fail:0 Unfinished:0
2026.10.06-12:50:13.909[32m info [39m [caliper] [worker-message-handler] 	Worker#0 finished Round#0
2026.10.06-12:50:18.912[32m info [39m [caliper] [default-observer] 	Resetting txCount indicator count
2026.10.06-12:50:18.914[32m info [39m [caliper] [report-builder] 	### Test result ###
2026.10.06-12:50:18.921[32m info [39m [caliper] [report-builder] 	
+---------------+------+------+-----------------+-----------------+-----------------+-----------------+------------------+
| Name          | Succ | Fail | Send Rate (TPS) | Max Latency (s) | Min Latency (s) | Avg Latency (s) | Throughput (TPS) |
|---------------|------|------|-----------------|-----------------|-----------------|-----------------|------------------|
| dispense-5tps | 41   | 0    | 5.1             | 2.48            | 0.09            | 1.30            | 4.4              |
+---------------+------+------+-----------------+-----------------+-----------------+-----------------+------------------+

2026.10.06-12:50:18.923[32m info [39m [caliper] [round-orchestrator] 	Finished round 1 (dispense-5tps) in 9.409 seconds
2026.10.06-12:50:18.923[32m info [39m [caliper] [monitor.js] 	Stopping all monitors
2026.10.06-12:50:18.923[32m info [39m [caliper] [round-orchestrator] 	Waiting 5 seconds for the next round...
2026.10.06-12:50:23.925[32m info [39m [caliper] [round-orchestrator] 	Started round 2 (dispense-10tps)
2026.10.06-12:50:23.926[32m info [39m [caliper] [worker-message-handler] 	Preparing Worker#0 for Round#1
2026.10.06-12:50:23.934[32m info [39m [caliper] [caliper-worker] 	Info: worker 0 prepare test phase for round 1 is starting...
2026.10.06-12:50:23.935[32m info [39m [caliper] [caliper-worker] 	Info: worker 0 prepare test phase for round 1 is completed
2026.10.06-12:50:23.936[32m info [39m [caliper] [worker-message-handler] 	Worker#0 prepared for Round#1
2026.10.06-12:50:23.937[32m info [39m [caliper] [worker-orchestrator] 	1 workers prepared, progressing to test phase.
2026.10.06-12:50:23.937[32m info [39m [caliper] [round-orchestrator] 	Monitors successfully started
2026.10.06-12:50:23.938[32m info [39m [caliper] [worker-message-handler] 	Worker#0 is starting Round#1
2026.10.06-12:50:23.944[32m info [39m [caliper] [caliper-worker] 	Worker #0 starting workload loop
2026.10.06-12:50:28.939[32m info [39m [caliper] [default-observer] 	[dispense-10tps Round 1 Transaction Info] - Submitted: 40 Succ: 17 Fail:0 Unfinished:23
2026.10.06-12:50:33.251[32m info [39m [caliper] [worker-message-handler] 	Worker#0 finished Round#1
2026.10.06-12:50:38.253[32m info [39m [caliper] [default-observer] 	Resetting txCount indicator count
2026.10.06-12:50:38.253[32m info [39m [caliper] [report-builder] 	### Test result ###
2026.10.06-12:50:38.255[32m info [39m [caliper] [report-builder] 	
+----------------+------+------+-----------------+-----------------+-----------------+-----------------+------------------+
| Name           | Succ | Fail | Send Rate (TPS) | Max Latency (s) | Min Latency (s) | Avg Latency (s) | Throughput (TPS) |
|----------------|------|------|-----------------|-----------------|-----------------|-----------------|------------------|
| dispense-10tps | 81   | 0    | 10.1            | 3.38            | 0.11            | 1.54            | 9.8              |
+----------------+------+------+-----------------+-----------------+-----------------+-----------------+------------------+

2026.10.06-12:50:38.255[32m info [39m [caliper] [round-orchestrator] 	Finished round 2 (dispense-10tps) in 8.305 seconds
2026.10.06-12:50:38.256[32m info [39m [caliper] [monitor.js] 	Stopping all monitors
2026.10.06-12:50:38.256[32m info [39m [caliper] [report-builder] 	### All test results ###
2026.10.06-12:50:38.257[32m info [39m [caliper] [report-builder] 	
+----------------+------+------+-----------------+-----------------+-----------------+-----------------+------------------+
| Name           | Succ | Fail | Send Rate (TPS) | Max Latency (s) | Min Latency (s) | Avg Latency (s) | Throughput (TPS) |
|----------------|------|------|-----------------|-----------------|-----------------|-----------------|------------------|
| dispense-5tps  | 41   | 0    | 5.1             | 2.48            | 0.09            | 1.30            | 4.4              |
|----------------|------|------|-----------------|-----------------|-----------------|-----------------|------------------|
| dispense-10tps | 81   | 0    | 10.1            | 3.38            | 0.11            | 1.54            | 9.8              |
+----------------+------+------+-----------------+-----------------+-----------------+-----------------+------------------+

2026.10.06-12:50:38.271[32m info [39m [caliper] [report-builder] 	Generated report with path /home/user/MyCodes/benchmarks/caliper/results/fixed-blocktime/dispense-report.html
2026.10.06-12:50:38.271[32m info [39m [caliper] [monitor.js] 	Stopping all monitors
2026.10.06-12:50:38.272[32m info [39m [caliper] [worker-orchestrator] 	Sending exit message to connected workers
2026.10.06-12:50:38.272[32m info [39m [caliper] [round-orchestrator] 	Benchmark finished in 34.826 seconds. Total rounds: 2. Successful rounds: 2. Failed rounds: 0.
2026.10.06-12:50:38.272[32m info [39m [caliper] [caliper-engine] 	Skipping end command due to benchmark flow conditioning
2026.10.06-12:50:38.272[32m info [39m [caliper] [cli-launch-manager] 	Benchmark successfully finished!
2026.10.06-12:50:38.273[32m info [39m [caliper] [worker-message-handler] 	Worker#0 is exiting
