2026.10.06-12:46:35.346[32m info [39m [caliper] [cli-launch-manager] 	Set workspace path: /home/user/MyCodes/benchmarks/caliper
2026.10.06-12:46:35.347[32m info [39m [caliper] [cli-launch-manager] 	Set benchmark configuration path: /home/user/MyCodes/benchmarks/caliper/benchconfig/initiateTransfer.yaml
2026.10.06-12:46:35.348[32m info [39m [caliper] [cli-launch-manager] 	Set network configuration path: /home/user/MyCodes/benchmarks/caliper/networks/ganache-manufacturer.json
2026.10.06-12:46:35.348[32m info [39m [caliper] [cli-launch-manager] 	Set SUT type: ethereum
2026.10.06-12:46:35.957[32m info [39m [caliper] [benchmark-validator] 	No observer specified, will default to `none`
2026.10.06-12:46:35.958[32m info [39m [caliper] [caliper-engine] 	Starting benchmark flow
2026.10.06-12:46:35.959[32m info [39m [caliper] [caliper-engine] 	Skipping start commands due to benchmark flow conditioning
2026.10.06-12:46:35.959[32m info [39m [caliper] [caliper-engine] 	Skipping initialization phase due to benchmark flow conditioning
2026.10.06-12:46:35.959[32m info [39m [caliper] [caliper-engine] 	Skipping install smart contract phase due to benchmark flow conditioning
2026.10.06-12:46:36.016[32m info [39m [caliper] [monitor.js] 	No resource monitors specified
2026.10.06-12:46:36.019[32m info [39m [caliper] [default-observer] 	Observer interval set to 5000 milliseconds
2026.10.06-12:46:36.024[32m info [39m [caliper] [round-orchestrator] 	Preparing worker connections
2026.10.06-12:46:36.025[32m info [39m [caliper] [worker-orchestrator] 	Launching worker 1 of 1
2026.10.06-12:46:36.036[32m info [39m [caliper] [worker-orchestrator] 	Messenger not configured, entering configure phase...
2026.10.06-12:46:36.037[32m info [39m [caliper] [worker-orchestrator] 	No existing workers detected, entering worker launch phase...
2026.10.06-12:46:36.038[32m info [39m [caliper] [worker-orchestrator] 	Waiting for 1 workers to be connected...
2026.10.06-12:46:36.491[32m info [39m [caliper] [cli-launch-worker] 	Set workspace path: /home/user/MyCodes/benchmarks/caliper
2026.10.06-12:46:36.493[32m info [39m [caliper] [cli-launch-worker] 	Set benchmark configuration path: /home/user/MyCodes/benchmarks/caliper/benchconfig/initiateTransfer.yaml
2026.10.06-12:46:36.493[32m info [39m [caliper] [cli-launch-worker] 	Set network configuration path: /home/user/MyCodes/benchmarks/caliper/networks/ganache-manufacturer.json
2026.10.06-12:46:36.493[32m info [39m [caliper] [cli-launch-worker] 	Set SUT type: ethereum
2026.10.06-12:46:37.023[32m info [39m [caliper] [worker-orchestrator] 	1 workers connected, progressing to worker assignment phase.
2026.10.06-12:46:37.024[32m info [39m [caliper] [worker-orchestrator] 	Workers currently unassigned, awaiting index assignment...
2026.10.06-12:46:37.024[32m info [39m [caliper] [worker-orchestrator] 	Waiting for 1 workers to be assigned...
2026.10.06-12:46:37.207[32m info [39m [caliper] [worker-orchestrator] 	1 workers assigned, progressing to worker initialization phase.
2026.10.06-12:46:37.208[32m info [39m [caliper] [worker-orchestrator] 	Waiting for 1 workers to be ready...
2026.10.06-12:46:37.209[32m info [39m [caliper] [worker-message-handler] 	Initializing Worker#0...
2026.10.06-12:46:37.221[32m info [39m [caliper] [worker-message-handler] 	Worker#0 initialized
2026.10.06-12:46:37.223[32m info [39m [caliper] [worker-orchestrator] 	1 workers ready, progressing to test preparation phase.
2026.10.06-12:46:37.223[32m info [39m [caliper] [round-orchestrator] 	Started round 1 (initiateTransfer-5tps)
2026.10.06-12:46:37.227[32m info [39m [caliper] [worker-message-handler] 	Preparing Worker#0 for Round#0
2026.10.06-12:46:37.256[32m info [39m [caliper] [caliper-worker] 	Info: worker 0 prepare test phase for round 0 is starting...
2026.10.06-12:46:37.259[32m info [39m [caliper] [caliper-worker] 	Info: worker 0 prepare test phase for round 0 is completed
2026.10.06-12:46:37.259[32m info [39m [caliper] [worker-message-handler] 	Worker#0 prepared for Round#0
2026.10.06-12:46:37.261[32m info [39m [caliper] [worker-orchestrator] 	1 workers prepared, progressing to test phase.
2026.10.06-12:46:37.261[32m info [39m [caliper] [round-orchestrator] 	Monitors successfully started
2026.10.06-12:46:37.262[32m info [39m [caliper] [worker-message-handler] 	Worker#0 is starting Round#0
2026.10.06-12:46:37.274[32m info [39m [caliper] [caliper-worker] 	Worker #0 starting workload loop
2026.10.06-12:46:42.274[32m info [39m [caliper] [default-observer] 	[initiateTransfer-5tps Round 0 Transaction Info] - Submitted: 20 Succ: 16 Fail:0 Unfinished:4
2026.10.06-12:46:46.376[32m info [39m [caliper] [worker-message-handler] 	Worker#0 finished Round#0
2026.10.06-12:46:51.382[32m info [39m [caliper] [default-observer] 	Resetting txCount indicator count
2026.10.06-12:46:51.383[32m info [39m [caliper] [report-builder] 	### Test result ###
2026.10.06-12:46:51.389[32m info [39m [caliper] [report-builder] 	
+-----------------------+------+------+-----------------+-----------------+-----------------+-----------------+------------------+
| Name                  | Succ | Fail | Send Rate (TPS) | Max Latency (s) | Min Latency (s) | Avg Latency (s) | Throughput (TPS) |
|-----------------------|------|------|-----------------|-----------------|-----------------|-----------------|------------------|
| initiateTransfer-5tps | 41   | 0    | 5.1             | 2.49            | 0.08            | 1.22            | 5.1              |
+-----------------------+------+------+-----------------+-----------------+-----------------+-----------------+------------------+

2026.10.06-12:46:51.390[32m info [39m [caliper] [round-orchestrator] 	Finished round 1 (initiateTransfer-5tps) in 8.103 seconds
2026.10.06-12:46:51.390[32m info [39m [caliper] [monitor.js] 	Stopping all monitors
2026.10.06-12:46:51.390[32m info [39m [caliper] [round-orchestrator] 	Waiting 5 seconds for the next round...
2026.10.06-12:46:56.395[32m info [39m [caliper] [round-orchestrator] 	Started round 2 (initiateTransfer-10tps)
2026.10.06-12:46:56.397[32m info [39m [caliper] [worker-message-handler] 	Preparing Worker#0 for Round#1
2026.10.06-12:46:56.406[32m info [39m [caliper] [caliper-worker] 	Info: worker 0 prepare test phase for round 1 is starting...
2026.10.06-12:46:56.408[32m info [39m [caliper] [caliper-worker] 	Info: worker 0 prepare test phase for round 1 is completed
2026.10.06-12:46:56.408[32m info [39m [caliper] [worker-message-handler] 	Worker#0 prepared for Round#1
2026.10.06-12:46:56.409[32m info [39m [caliper] [worker-orchestrator] 	1 workers prepared, progressing to test phase.
2026.10.06-12:46:56.409[32m info [39m [caliper] [round-orchestrator] 	Monitors successfully started
2026.10.06-12:46:56.410[32m info [39m [caliper] [worker-message-handler] 	Worker#0 is starting Round#1
2026.10.06-12:46:56.421[32m info [39m [caliper] [caliper-worker] 	Worker #0 starting workload loop
2026.10.06-12:47:01.411[32m info [39m [caliper] [default-observer] 	[initiateTransfer-10tps Round 1 Transaction Info] - Submitted: 41 Succ: 14 Fail:0 Unfinished:27
2026.10.06-12:47:06.412[32m info [39m [caliper] [default-observer] 	[initiateTransfer-10tps Round 1 Transaction Info] - Submitted: 81 Succ: 80 Fail:0 Unfinished:1
2026.10.06-12:47:07.532[32m info [39m [caliper] [worker-message-handler] 	Worker#0 finished Round#1
2026.10.06-12:47:12.535[32m info [39m [caliper] [default-observer] 	Resetting txCount indicator count
2026.10.06-12:47:12.535[32m info [39m [caliper] [report-builder] 	### Test result ###
2026.10.06-12:47:12.538[32m info [39m [caliper] [report-builder] 	
+------------------------+------+------+-----------------+-----------------+-----------------+-----------------+------------------+
| Name                   | Succ | Fail | Send Rate (TPS) | Max Latency (s) | Min Latency (s) | Avg Latency (s) | Throughput (TPS) |
|------------------------|------|------|-----------------|-----------------|-----------------|-----------------|------------------|
| initiateTransfer-10tps | 81   | 0    | 10.1            | 3.41            | 0.11            | 1.57            | 8.1              |
+------------------------+------+------+-----------------+-----------------+-----------------+-----------------+------------------+

2026.10.06-12:47:12.539[32m info [39m [caliper] [round-orchestrator] 	Finished round 2 (initiateTransfer-10tps) in 10.11 seconds
2026.10.06-12:47:12.539[32m info [39m [caliper] [monitor.js] 	Stopping all monitors
2026.10.06-12:47:12.539[32m info [39m [caliper] [report-builder] 	### All test results ###
2026.10.06-12:47:12.541[32m info [39m [caliper] [report-builder] 	
+------------------------+------+------+-----------------+-----------------+-----------------+-----------------+------------------+
| Name                   | Succ | Fail | Send Rate (TPS) | Max Latency (s) | Min Latency (s) | Avg Latency (s) | Throughput (TPS) |
|------------------------|------|------|-----------------|-----------------|-----------------|-----------------|------------------|
| initiateTransfer-5tps  | 41   | 0    | 5.1             | 2.49            | 0.08            | 1.22            | 5.1              |
|------------------------|------|------|-----------------|-----------------|-----------------|-----------------|------------------|
| initiateTransfer-10tps | 81   | 0    | 10.1            | 3.41            | 0.11            | 1.57            | 8.1              |
+------------------------+------+------+-----------------+-----------------+-----------------+-----------------+------------------+

2026.10.06-12:47:12.561[32m info [39m [caliper] [report-builder] 	Generated report with path /home/user/MyCodes/benchmarks/caliper/results/fixed-blocktime/initiateTransfer-report.html
2026.10.06-12:47:12.562[32m info [39m [caliper] [monitor.js] 	Stopping all monitors
2026.10.06-12:47:12.562[32m info [39m [caliper] [worker-orchestrator] 	Sending exit message to connected workers
2026.10.06-12:47:12.563[32m info [39m [caliper] [round-orchestrator] 	Benchmark finished in 35.34 seconds. Total rounds: 2. Successful rounds: 2. Failed rounds: 0.
2026.10.06-12:47:12.563[32m info [39m [caliper] [caliper-engine] 	Skipping end command due to benchmark flow conditioning
2026.10.06-12:47:12.563[32m info [39m [caliper] [cli-launch-manager] 	Benchmark successfully finished!
2026.10.06-12:47:12.563[32m info [39m [caliper] [worker-message-handler] 	Worker#0 is exiting
