2026.10.06-09:08:46.932[32m info [39m [caliper] [cli-launch-manager] 	Set workspace path: /home/user/MyCodes/benchmarks/caliper
2026.10.06-09:08:46.933[32m info [39m [caliper] [cli-launch-manager] 	Set benchmark configuration path: /home/user/MyCodes/benchmarks/caliper/benchconfig/registerBatch.yaml
2026.10.06-09:08:46.933[32m info [39m [caliper] [cli-launch-manager] 	Set network configuration path: /home/user/MyCodes/benchmarks/caliper/networks/ganache-manufacturer.json
2026.10.06-09:08:46.934[32m info [39m [caliper] [cli-launch-manager] 	Set SUT type: ethereum
2026.10.06-09:08:47.324[32m info [39m [caliper] [benchmark-validator] 	No observer specified, will default to `none`
2026.10.06-09:08:47.325[32m info [39m [caliper] [caliper-engine] 	Starting benchmark flow
2026.10.06-09:08:47.325[32m info [39m [caliper] [caliper-engine] 	Skipping start commands due to benchmark flow conditioning
2026.10.06-09:08:47.325[32m info [39m [caliper] [caliper-engine] 	Skipping initialization phase due to benchmark flow conditioning
2026.10.06-09:08:47.326[32m info [39m [caliper] [caliper-engine] 	Skipping install smart contract phase due to benchmark flow conditioning
2026.10.06-09:08:47.347[32m info [39m [caliper] [monitor.js] 	No resource monitors specified
2026.10.06-09:08:47.348[32m info [39m [caliper] [default-observer] 	Observer interval set to 5000 milliseconds
2026.10.06-09:08:47.351[32m info [39m [caliper] [round-orchestrator] 	Preparing worker connections
2026.10.06-09:08:47.352[32m info [39m [caliper] [worker-orchestrator] 	Launching worker 1 of 1
2026.10.06-09:08:47.358[32m info [39m [caliper] [worker-orchestrator] 	Messenger not configured, entering configure phase...
2026.10.06-09:08:47.358[32m info [39m [caliper] [worker-orchestrator] 	No existing workers detected, entering worker launch phase...
2026.10.06-09:08:47.359[32m info [39m [caliper] [worker-orchestrator] 	Waiting for 1 workers to be connected...
2026.10.06-09:08:47.780[32m info [39m [caliper] [cli-launch-worker] 	Set workspace path: /home/user/MyCodes/benchmarks/caliper
2026.10.06-09:08:47.781[32m info [39m [caliper] [cli-launch-worker] 	Set benchmark configuration path: /home/user/MyCodes/benchmarks/caliper/benchconfig/registerBatch.yaml
2026.10.06-09:08:47.781[32m info [39m [caliper] [cli-launch-worker] 	Set network configuration path: /home/user/MyCodes/benchmarks/caliper/networks/ganache-manufacturer.json
2026.10.06-09:08:47.781[32m info [39m [caliper] [cli-launch-worker] 	Set SUT type: ethereum
2026.10.06-09:08:48.172[32m info [39m [caliper] [worker-orchestrator] 	1 workers connected, progressing to worker assignment phase.
2026.10.06-09:08:48.173[32m info [39m [caliper] [worker-orchestrator] 	Workers currently unassigned, awaiting index assignment...
2026.10.06-09:08:48.173[32m info [39m [caliper] [worker-orchestrator] 	Waiting for 1 workers to be assigned...
2026.10.06-09:08:48.239[32m info [39m [caliper] [worker-orchestrator] 	1 workers assigned, progressing to worker initialization phase.
2026.10.06-09:08:48.239[32m info [39m [caliper] [worker-orchestrator] 	Waiting for 1 workers to be ready...
2026.10.06-09:08:48.240[32m info [39m [caliper] [worker-message-handler] 	Initializing Worker#0...
2026.10.06-09:08:48.252[32m info [39m [caliper] [worker-message-handler] 	Worker#0 initialized
2026.10.06-09:08:48.253[32m info [39m [caliper] [worker-orchestrator] 	1 workers ready, progressing to test preparation phase.
2026.10.06-09:08:48.253[32m info [39m [caliper] [round-orchestrator] 	Started round 1 (registerBatch-5tps)
2026.10.06-09:08:48.257[32m info [39m [caliper] [worker-message-handler] 	Preparing Worker#0 for Round#0
2026.10.06-09:08:48.286[32m info [39m [caliper] [caliper-worker] 	Info: worker 0 prepare test phase for round 0 is starting...
2026.10.06-09:08:48.289[32m info [39m [caliper] [caliper-worker] 	Info: worker 0 prepare test phase for round 0 is completed
2026.10.06-09:08:48.289[32m info [39m [caliper] [worker-message-handler] 	Worker#0 prepared for Round#0
2026.10.06-09:08:48.290[32m info [39m [caliper] [worker-orchestrator] 	1 workers prepared, progressing to test phase.
2026.10.06-09:08:48.290[32m info [39m [caliper] [round-orchestrator] 	Monitors successfully started
2026.10.06-09:08:48.291[32m info [39m [caliper] [worker-message-handler] 	Worker#0 is starting Round#0
2026.10.06-09:08:48.300[32m info [39m [caliper] [caliper-worker] 	Worker #0 starting workload loop
2026.10.06-09:08:53.301[32m info [39m [caliper] [default-observer] 	[registerBatch-5tps Round 0 Transaction Info] - Submitted: 20 Succ: 16 Fail:0 Unfinished:4
2026.10.06-09:08:58.293[32m info [39m [caliper] [default-observer] 	[registerBatch-5tps Round 0 Transaction Info] - Submitted: 41 Succ: 16 Fail:0 Unfinished:25
2026.10.06-09:09:03.294[32m info [39m [caliper] [default-observer] 	[registerBatch-5tps Round 0 Transaction Info] - Submitted: 41 Succ: 16 Fail:0 Unfinished:25
2026.10.06-09:09:08.296[32m info [39m [caliper] [default-observer] 	[registerBatch-5tps Round 0 Transaction Info] - Submitted: 41 Succ: 16 Fail:0 Unfinished:25
2026.10.06-09:09:13.297[32m info [39m [caliper] [default-observer] 	[registerBatch-5tps Round 0 Transaction Info] - Submitted: 41 Succ: 16 Fail:0 Unfinished:25
2026.10.06-09:09:18.298[32m info [39m [caliper] [default-observer] 	[registerBatch-5tps Round 0 Transaction Info] - Submitted: 41 Succ: 16 Fail:0 Unfinished:25
2026.10.06-09:09:23.299[32m info [39m [caliper] [default-observer] 	[registerBatch-5tps Round 0 Transaction Info] - Submitted: 41 Succ: 16 Fail:0 Unfinished:25
2026.10.06-09:09:28.300[32m info [39m [caliper] [default-observer] 	[registerBatch-5tps Round 0 Transaction Info] - Submitted: 41 Succ: 16 Fail:0 Unfinished:25
2026.10.06-09:09:33.302[32m info [39m [caliper] [default-observer] 	[registerBatch-5tps Round 0 Transaction Info] - Submitted: 41 Succ: 16 Fail:0 Unfinished:25
2026.10.06-09:09:38.302[32m info [39m [caliper] [default-observer] 	[registerBatch-5tps Round 0 Transaction Info] - Submitted: 41 Succ: 16 Fail:0 Unfinished:25
2026.10.06-09:09:43.303[32m info [39m [caliper] [default-observer] 	[registerBatch-5tps Round 0 Transaction Info] - Submitted: 41 Succ: 16 Fail:0 Unfinished:25
2026.10.06-09:09:48.304[32m info [39m [caliper] [default-observer] 	[registerBatch-5tps Round 0 Transaction Info] - Submitted: 41 Succ: 16 Fail:0 Unfinished:25
2026.10.06-09:09:53.305[32m info [39m [caliper] [default-observer] 	[registerBatch-5tps Round 0 Transaction Info] - Submitted: 41 Succ: 16 Fail:0 Unfinished:25
2026.10.06-09:09:58.307[32m info [39m [caliper] [default-observer] 	[registerBatch-5tps Round 0 Transaction Info] - Submitted: 41 Succ: 16 Fail:0 Unfinished:25
2026.10.06-09:10:03.308[32m info [39m [caliper] [default-observer] 	[registerBatch-5tps Round 0 Transaction Info] - Submitted: 41 Succ: 16 Fail:0 Unfinished:25
2026.10.06-09:10:08.310[32m info [39m [caliper] [default-observer] 	[registerBatch-5tps Round 0 Transaction Info] - Submitted: 41 Succ: 16 Fail:0 Unfinished:25
2026.10.06-09:10:13.312[32m info [39m [caliper] [default-observer] 	[registerBatch-5tps Round 0 Transaction Info] - Submitted: 41 Succ: 16 Fail:0 Unfinished:25
2026.10.06-09:10:18.313[32m info [39m [caliper] [default-observer] 	[registerBatch-5tps Round 0 Transaction Info] - Submitted: 41 Succ: 16 Fail:0 Unfinished:25
2026.10.06-09:10:23.314[32m info [39m [caliper] [default-observer] 	[registerBatch-5tps Round 0 Transaction Info] - Submitted: 41 Succ: 16 Fail:0 Unfinished:25
2026.10.06-09:10:28.316[32m info [39m [caliper] [default-observer] 	[registerBatch-5tps Round 0 Transaction Info] - Submitted: 41 Succ: 16 Fail:0 Unfinished:25
2026.10.06-09:10:33.317[32m info [39m [caliper] [default-observer] 	[registerBatch-5tps Round 0 Transaction Info] - Submitted: 41 Succ: 16 Fail:0 Unfinished:25
2026.10.06-09:10:33.646[31m error[39m [caliper] [ethereum-connector] 	Failed tx on pharmaSupplyChain; calling method: registerBatch; nonce: 0x10
2026.10.06-09:10:33.646[31m error[39m [caliper] [ethereum-connector] 	Error: Transaction was not mined within 50 blocks, please make sure your transaction was properly sent. Be aware that it might still be mined!
2026.10.06-09:10:33.646[31m error[39m [caliper] [ethereum-connector] 	Failed tx on pharmaSupplyChain; calling method: registerBatch; nonce: 0x11
2026.10.06-09:10:33.646[31m error[39m [caliper] [ethereum-connector] 	Error: Transaction was not mined within 50 blocks, please make sure your transaction was properly sent. Be aware that it might still be mined!
2026.10.06-09:10:33.646[31m error[39m [caliper] [ethereum-connector] 	Failed tx on pharmaSupplyChain; calling method: registerBatch; nonce: 0x12
2026.10.06-09:10:33.646[31m error[39m [caliper] [ethereum-connector] 	Error: Transaction was not mined within 50 blocks, please make sure your transaction was properly sent. Be aware that it might still be mined!
2026.10.06-09:10:33.647[31m error[39m [caliper] [ethereum-connector] 	Failed tx on pharmaSupplyChain; calling method: registerBatch; nonce: 0x13
2026.10.06-09:10:33.647[31m error[39m [caliper] [ethereum-connector] 	Error: Transaction was not mined within 50 blocks, please make sure your transaction was properly sent. Be aware that it might still be mined!
2026.10.06-09:10:33.647[31m error[39m [caliper] [ethereum-connector] 	Failed tx on pharmaSupplyChain; calling method: registerBatch; nonce: 0x14
2026.10.06-09:10:33.647[31m error[39m [caliper] [ethereum-connector] 	Error: Transaction was not mined within 50 blocks, please make sure your transaction was properly sent. Be aware that it might still be mined!
2026.10.06-09:10:33.647[31m error[39m [caliper] [ethereum-connector] 	Failed tx on pharmaSupplyChain; calling method: registerBatch; nonce: 0x15
2026.10.06-09:10:33.647[31m error[39m [caliper] [ethereum-connector] 	Error: Transaction was not mined within 50 blocks, please make sure your transaction was properly sent. Be aware that it might still be mined!
2026.10.06-09:10:33.649[31m error[39m [caliper] [ethereum-connector] 	Failed tx on pharmaSupplyChain; calling method: registerBatch; nonce: 0x16
2026.10.06-09:10:33.649[31m error[39m [caliper] [ethereum-connector] 	Error: Transaction was not mined within 50 blocks, please make sure your transaction was properly sent. Be aware that it might still be mined!
2026.10.06-09:10:33.649[31m error[39m [caliper] [ethereum-connector] 	Failed tx on pharmaSupplyChain; calling method: registerBatch; nonce: 0x17
2026.10.06-09:10:33.649[31m error[39m [caliper] [ethereum-connector] 	Error: Transaction was not mined within 50 blocks, please make sure your transaction was properly sent. Be aware that it might still be mined!
2026.10.06-09:10:33.649[31m error[39m [caliper] [ethereum-connector] 	Failed tx on pharmaSupplyChain; calling method: registerBatch; nonce: 0x18
2026.10.06-09:10:33.650[31m error[39m [caliper] [ethereum-connector] 	Error: Transaction was not mined within 50 blocks, please make sure your transaction was properly sent. Be aware that it might still be mined!
2026.10.06-09:10:33.650[31m error[39m [caliper] [ethereum-connector] 	Failed tx on pharmaSupplyChain; calling method: registerBatch; nonce: 0x19
2026.10.06-09:10:33.650[31m error[39m [caliper] [ethereum-connector] 	Error: Transaction was not mined within 50 blocks, please make sure your transaction was properly sent. Be aware that it might still be mined!
2026.10.06-09:10:33.650[31m error[39m [caliper] [ethereum-connector] 	Failed tx on pharmaSupplyChain; calling method: registerBatch; nonce: 0x1a
2026.10.06-09:10:33.650[31m error[39m [caliper] [ethereum-connector] 	Error: Transaction was not mined within 50 blocks, please make sure your transaction was properly sent. Be aware that it might still be mined!
2026.10.06-09:10:35.660[31m error[39m [caliper] [ethereum-connector] 	Failed tx on pharmaSupplyChain; calling method: registerBatch; nonce: 0x1b
2026.10.06-09:10:35.661[31m error[39m [caliper] [ethereum-connector] 	Error: Transaction was not mined within 50 blocks, please make sure your transaction was properly sent. Be aware that it might still be mined!
2026.10.06-09:10:35.661[31m error[39m [caliper] [ethereum-connector] 	Failed tx on pharmaSupplyChain; calling method: registerBatch; nonce: 0x1c
2026.10.06-09:10:35.661[31m error[39m [caliper] [ethereum-connector] 	Error: Transaction was not mined within 50 blocks, please make sure your transaction was properly sent. Be aware that it might still be mined!
2026.10.06-09:10:35.661[31m error[39m [caliper] [ethereum-connector] 	Failed tx on pharmaSupplyChain; calling method: registerBatch; nonce: 0x1d
2026.10.06-09:10:35.661[31m error[39m [caliper] [ethereum-connector] 	Error: Transaction was not mined within 50 blocks, please make sure your transaction was properly sent. Be aware that it might still be mined!
2026.10.06-09:10:35.661[31m error[39m [caliper] [ethereum-connector] 	Failed tx on pharmaSupplyChain; calling method: registerBatch; nonce: 0x1e
2026.10.06-09:10:35.661[31m error[39m [caliper] [ethereum-connector] 	Error: Transaction was not mined within 50 blocks, please make sure your transaction was properly sent. Be aware that it might still be mined!
2026.10.06-09:10:35.661[31m error[39m [caliper] [ethereum-connector] 	Failed tx on pharmaSupplyChain; calling method: registerBatch; nonce: 0x1f
2026.10.06-09:10:35.661[31m error[39m [caliper] [ethereum-connector] 	Error: Transaction was not mined within 50 blocks, please make sure your transaction was properly sent. Be aware that it might still be mined!
2026.10.06-09:10:35.661[31m error[39m [caliper] [ethereum-connector] 	Failed tx on pharmaSupplyChain; calling method: registerBatch; nonce: 0x20
2026.10.06-09:10:35.661[31m error[39m [caliper] [ethereum-connector] 	Error: Transaction was not mined within 50 blocks, please make sure your transaction was properly sent. Be aware that it might still be mined!
2026.10.06-09:10:35.661[31m error[39m [caliper] [ethereum-connector] 	Failed tx on pharmaSupplyChain; calling method: registerBatch; nonce: 0x21
2026.10.06-09:10:35.661[31m error[39m [caliper] [ethereum-connector] 	Error: Transaction was not mined within 50 blocks, please make sure your transaction was properly sent. Be aware that it might still be mined!
2026.10.06-09:10:35.662[31m error[39m [caliper] [ethereum-connector] 	Failed tx on pharmaSupplyChain; calling method: registerBatch; nonce: 0x22
2026.10.06-09:10:35.662[31m error[39m [caliper] [ethereum-connector] 	Error: Transaction was not mined within 50 blocks, please make sure your transaction was properly sent. Be aware that it might still be mined!
2026.10.06-09:10:35.663[31m error[39m [caliper] [ethereum-connector] 	Failed tx on pharmaSupplyChain; calling method: registerBatch; nonce: 0x23
2026.10.06-09:10:35.663[31m error[39m [caliper] [ethereum-connector] 	Error: Transaction was not mined within 50 blocks, please make sure your transaction was properly sent. Be aware that it might still be mined!
2026.10.06-09:10:35.663[31m error[39m [caliper] [ethereum-connector] 	Failed tx on pharmaSupplyChain; calling method: registerBatch; nonce: 0x24
2026.10.06-09:10:35.663[31m error[39m [caliper] [ethereum-connector] 	Error: Transaction was not mined within 50 blocks, please make sure your transaction was properly sent. Be aware that it might still be mined!
2026.10.06-09:10:37.660[31m error[39m [caliper] [ethereum-connector] 	Failed tx on pharmaSupplyChain; calling method: registerBatch; nonce: 0x25
2026.10.06-09:10:37.660[31m error[39m [caliper] [ethereum-connector] 	Error: Transaction was not mined within 50 blocks, please make sure your transaction was properly sent. Be aware that it might still be mined!
2026.10.06-09:10:37.660[31m error[39m [caliper] [ethereum-connector] 	Failed tx on pharmaSupplyChain; calling method: registerBatch; nonce: 0x26
2026.10.06-09:10:37.660[31m error[39m [caliper] [ethereum-connector] 	Error: Transaction was not mined within 50 blocks, please make sure your transaction was properly sent. Be aware that it might still be mined!
2026.10.06-09:10:37.660[31m error[39m [caliper] [ethereum-connector] 	Failed tx on pharmaSupplyChain; calling method: registerBatch; nonce: 0x27
2026.10.06-09:10:37.660[31m error[39m [caliper] [ethereum-connector] 	Error: Transaction was not mined within 50 blocks, please make sure your transaction was properly sent. Be aware that it might still be mined!
2026.10.06-09:10:37.661[31m error[39m [caliper] [ethereum-connector] 	Failed tx on pharmaSupplyChain; calling method: registerBatch; nonce: 0x28
2026.10.06-09:10:37.661[31m error[39m [caliper] [ethereum-connector] 	Error: Transaction was not mined within 50 blocks, please make sure your transaction was properly sent. Be aware that it might still be mined!
2026.10.06-09:10:38.317[32m info [39m [caliper] [default-observer] 	[registerBatch-5tps Round 0 Transaction Info] - Submitted: 41 Succ: 16 Fail:25 Unfinished:0
2026.10.06-09:10:38.664[32m info [39m [caliper] [worker-message-handler] 	Worker#0 finished Round#0
2026.10.06-09:10:43.666[32m info [39m [caliper] [default-observer] 	Resetting txCount indicator count
2026.10.06-09:10:43.667[32m info [39m [caliper] [report-builder] 	### Test result ###
2026.10.06-09:10:43.674[32m info [39m [caliper] [report-builder] 	
+--------------------+------+------+-----------------+-----------------+-----------------+-----------------+------------------+
| Name               | Succ | Fail | Send Rate (TPS) | Max Latency (s) | Min Latency (s) | Avg Latency (s) | Throughput (TPS) |
|--------------------|------|------|-----------------|-----------------|-----------------|-----------------|------------------|
| registerBatch-5tps | 16   | 25   | 5.1             | 2.41            | 0.14            | 1.10            | 0.4              |
+--------------------+------+------+-----------------+-----------------+-----------------+-----------------+------------------+

2026.10.06-09:10:43.675[32m info [39m [caliper] [round-orchestrator] 	Finished round 1 (registerBatch-5tps) in 109.363 seconds
2026.10.06-09:10:43.675[32m info [39m [caliper] [monitor.js] 	Stopping all monitors
2026.10.06-09:10:43.675[32m info [39m [caliper] [round-orchestrator] 	Waiting 5 seconds for the next round...
2026.10.06-09:10:48.681[32m info [39m [caliper] [round-orchestrator] 	Started round 2 (registerBatch-10tps)
2026.10.06-09:10:48.683[32m info [39m [caliper] [worker-message-handler] 	Preparing Worker#0 for Round#1
2026.10.06-09:10:48.690[32m info [39m [caliper] [caliper-worker] 	Info: worker 0 prepare test phase for round 1 is starting...
2026.10.06-09:10:48.690[32m info [39m [caliper] [caliper-worker] 	Info: worker 0 prepare test phase for round 1 is completed
2026.10.06-09:10:48.690[32m info [39m [caliper] [worker-message-handler] 	Worker#0 prepared for Round#1
2026.10.06-09:10:48.691[32m info [39m [caliper] [worker-orchestrator] 	1 workers prepared, progressing to test phase.
2026.10.06-09:10:48.691[32m info [39m [caliper] [round-orchestrator] 	Monitors successfully started
2026.10.06-09:10:48.692[32m info [39m [caliper] [worker-message-handler] 	Worker#0 is starting Round#1
2026.10.06-09:10:48.697[32m info [39m [caliper] [caliper-worker] 	Worker #0 starting workload loop
2026.10.06-09:10:53.693[32m info [39m [caliper] [default-observer] 	[registerBatch-10tps Round 1 Transaction Info] - Submitted: 41 Succ: 15 Fail:0 Unfinished:26
2026.10.06-09:10:58.694[32m info [39m [caliper] [default-observer] 	[registerBatch-10tps Round 1 Transaction Info] - Submitted: 81 Succ: 78 Fail:0 Unfinished:3
2026.10.06-09:10:59.711[32m info [39m [caliper] [worker-message-handler] 	Worker#0 finished Round#1
2026.10.06-09:11:04.713[32m info [39m [caliper] [default-observer] 	Resetting txCount indicator count
2026.10.06-09:11:04.714[32m info [39m [caliper] [report-builder] 	### Test result ###
2026.10.06-09:11:04.715[32m info [39m [caliper] [report-builder] 	
+---------------------+------+------+-----------------+-----------------+-----------------+-----------------+------------------+
| Name                | Succ | Fail | Send Rate (TPS) | Max Latency (s) | Min Latency (s) | Avg Latency (s) | Throughput (TPS) |
|---------------------|------|------|-----------------|-----------------|-----------------|-----------------|------------------|
| registerBatch-10tps | 81   | 0    | 10.1            | 3.18            | 0.09            | 1.49            | 8.2              |
+---------------------+------+------+-----------------+-----------------+-----------------+-----------------+------------------+

2026.10.06-09:11:04.715[32m info [39m [caliper] [round-orchestrator] 	Finished round 2 (registerBatch-10tps) in 10.012 seconds
2026.10.06-09:11:04.715[32m info [39m [caliper] [monitor.js] 	Stopping all monitors
2026.10.06-09:11:04.715[32m info [39m [caliper] [report-builder] 	### All test results ###
2026.10.06-09:11:04.716[32m info [39m [caliper] [report-builder] 	
+---------------------+------+------+-----------------+-----------------+-----------------+-----------------+------------------+
| Name                | Succ | Fail | Send Rate (TPS) | Max Latency (s) | Min Latency (s) | Avg Latency (s) | Throughput (TPS) |
|---------------------|------|------|-----------------|-----------------|-----------------|-----------------|------------------|
| registerBatch-5tps  | 16   | 25   | 5.1             | 2.41            | 0.14            | 1.10            | 0.4              |
|---------------------|------|------|-----------------|-----------------|-----------------|-----------------|------------------|
| registerBatch-10tps | 81   | 0    | 10.1            | 3.18            | 0.09            | 1.49            | 8.2              |
+---------------------+------+------+-----------------+-----------------+-----------------+-----------------+------------------+

2026.10.06-09:11:04.726[32m info [39m [caliper] [report-builder] 	Generated report with path /home/user/MyCodes/benchmarks/caliper/results/fixed-blocktime/registerBatch-report.html
2026.10.06-09:11:04.727[32m info [39m [caliper] [monitor.js] 	Stopping all monitors
2026.10.06-09:11:04.727[32m info [39m [caliper] [worker-orchestrator] 	Sending exit message to connected workers
2026.10.06-09:11:04.727[32m info [39m [caliper] [round-orchestrator] 	Benchmark finished in 136.474 seconds. Total rounds: 2. Successful rounds: 2. Failed rounds: 0.
2026.10.06-09:11:04.727[32m info [39m [caliper] [caliper-engine] 	Skipping end command due to benchmark flow conditioning
2026.10.06-09:11:04.727[32m info [39m [caliper] [cli-launch-manager] 	Benchmark successfully finished!
2026.10.06-09:11:04.728[32m info [39m [caliper] [worker-message-handler] 	Worker#0 is exiting
