2026.10.06-12:50:47.248[32m info [39m [caliper] [cli-launch-manager] 	Set workspace path: /home/user/MyCodes/benchmarks/caliper
2026.10.06-12:50:47.249[32m info [39m [caliper] [cli-launch-manager] 	Set benchmark configuration path: /home/user/MyCodes/benchmarks/caliper/benchconfig/verify.yaml
2026.10.06-12:50:47.250[32m info [39m [caliper] [cli-launch-manager] 	Set network configuration path: /home/user/MyCodes/benchmarks/caliper/networks/ganache-manufacturer.json
2026.10.06-12:50:47.250[32m info [39m [caliper] [cli-launch-manager] 	Set SUT type: ethereum
2026.10.06-12:50:47.791[32m info [39m [caliper] [benchmark-validator] 	No observer specified, will default to `none`
2026.10.06-12:50:47.792[32m info [39m [caliper] [caliper-engine] 	Starting benchmark flow
2026.10.06-12:50:47.792[32m info [39m [caliper] [caliper-engine] 	Skipping start commands due to benchmark flow conditioning
2026.10.06-12:50:47.792[32m info [39m [caliper] [caliper-engine] 	Skipping initialization phase due to benchmark flow conditioning
2026.10.06-12:50:47.793[32m info [39m [caliper] [caliper-engine] 	Skipping install smart contract phase due to benchmark flow conditioning
2026.10.06-12:50:47.822[32m info [39m [caliper] [monitor.js] 	No resource monitors specified
2026.10.06-12:50:47.824[32m info [39m [caliper] [default-observer] 	Observer interval set to 5000 milliseconds
2026.10.06-12:50:47.827[32m info [39m [caliper] [round-orchestrator] 	Preparing worker connections
2026.10.06-12:50:47.828[32m info [39m [caliper] [worker-orchestrator] 	Launching worker 1 of 1
2026.10.06-12:50:47.838[32m info [39m [caliper] [worker-orchestrator] 	Messenger not configured, entering configure phase...
2026.10.06-12:50:47.839[32m info [39m [caliper] [worker-orchestrator] 	No existing workers detected, entering worker launch phase...
2026.10.06-12:50:47.839[32m info [39m [caliper] [worker-orchestrator] 	Waiting for 1 workers to be connected...
2026.10.06-12:50:48.468[32m info [39m [caliper] [cli-launch-worker] 	Set workspace path: /home/user/MyCodes/benchmarks/caliper
2026.10.06-12:50:48.470[32m info [39m [caliper] [cli-launch-worker] 	Set benchmark configuration path: /home/user/MyCodes/benchmarks/caliper/benchconfig/verify.yaml
2026.10.06-12:50:48.471[32m info [39m [caliper] [cli-launch-worker] 	Set network configuration path: /home/user/MyCodes/benchmarks/caliper/networks/ganache-manufacturer.json
2026.10.06-12:50:48.471[32m info [39m [caliper] [cli-launch-worker] 	Set SUT type: ethereum
2026.10.06-12:50:49.674[32m info [39m [caliper] [worker-orchestrator] 	1 workers connected, progressing to worker assignment phase.
2026.10.06-12:50:49.674[32m info [39m [caliper] [worker-orchestrator] 	Workers currently unassigned, awaiting index assignment...
2026.10.06-12:50:49.674[32m info [39m [caliper] [worker-orchestrator] 	Waiting for 1 workers to be assigned...
2026.10.06-12:50:49.993[32m info [39m [caliper] [worker-orchestrator] 	1 workers assigned, progressing to worker initialization phase.
2026.10.06-12:50:49.994[32m info [39m [caliper] [worker-orchestrator] 	Waiting for 1 workers to be ready...
2026.10.06-12:50:49.995[32m info [39m [caliper] [worker-message-handler] 	Initializing Worker#0...
2026.10.06-12:50:50.009[32m info [39m [caliper] [worker-message-handler] 	Worker#0 initialized
2026.10.06-12:50:50.010[32m info [39m [caliper] [worker-orchestrator] 	1 workers ready, progressing to test preparation phase.
2026.10.06-12:50:50.010[32m info [39m [caliper] [round-orchestrator] 	Started round 1 (verify-5tps)
2026.10.06-12:50:50.014[32m info [39m [caliper] [worker-message-handler] 	Preparing Worker#0 for Round#0
2026.10.06-12:50:50.052[32m info [39m [caliper] [caliper-worker] 	Info: worker 0 prepare test phase for round 0 is starting...
2026.10.06-12:50:50.056[32m info [39m [caliper] [caliper-worker] 	Info: worker 0 prepare test phase for round 0 is completed
2026.10.06-12:50:50.057[32m info [39m [caliper] [worker-message-handler] 	Worker#0 prepared for Round#0
2026.10.06-12:50:50.058[32m info [39m [caliper] [worker-orchestrator] 	1 workers prepared, progressing to test phase.
2026.10.06-12:50:50.058[32m info [39m [caliper] [round-orchestrator] 	Monitors successfully started
2026.10.06-12:50:50.059[32m info [39m [caliper] [worker-message-handler] 	Worker#0 is starting Round#0
2026.10.06-12:50:50.078[32m info [39m [caliper] [caliper-worker] 	Worker #0 starting workload loop
2026.10.06-12:50:55.079[32m info [39m [caliper] [default-observer] 	[verify-5tps Round 0 Transaction Info] - Submitted: 21 Succ: 20 Fail:0 Unfinished:1
2026.10.06-12:50:59.179[32m info [39m [caliper] [worker-message-handler] 	Worker#0 finished Round#0
2026.10.06-12:51:04.183[32m info [39m [caliper] [default-observer] 	Resetting txCount indicator count
2026.10.06-12:51:04.184[32m info [39m [caliper] [report-builder] 	### Test result ###
2026.10.06-12:51:04.191[32m info [39m [caliper] [report-builder] 	
+-------------+------+------+-----------------+-----------------+-----------------+-----------------+------------------+
| Name        | Succ | Fail | Send Rate (TPS) | Max Latency (s) | Min Latency (s) | Avg Latency (s) | Throughput (TPS) |
|-------------|------|------|-----------------|-----------------|-----------------|-----------------|------------------|
| verify-5tps | 41   | 0    | 5.1             | 0.04            | 0.02            | 0.02            | 5.1              |
+-------------+------+------+-----------------+-----------------+-----------------+-----------------+------------------+

2026.10.06-12:51:04.192[32m info [39m [caliper] [round-orchestrator] 	Finished round 1 (verify-5tps) in 8.102 seconds
2026.10.06-12:51:04.192[32m info [39m [caliper] [monitor.js] 	Stopping all monitors
2026.10.06-12:51:04.192[32m info [39m [caliper] [round-orchestrator] 	Waiting 5 seconds for the next round...
2026.10.06-12:51:09.198[32m info [39m [caliper] [round-orchestrator] 	Started round 2 (verify-10tps)
2026.10.06-12:51:09.200[32m info [39m [caliper] [worker-message-handler] 	Preparing Worker#0 for Round#1
2026.10.06-12:51:09.208[32m info [39m [caliper] [caliper-worker] 	Info: worker 0 prepare test phase for round 1 is starting...
2026.10.06-12:51:09.210[32m info [39m [caliper] [caliper-worker] 	Info: worker 0 prepare test phase for round 1 is completed
2026.10.06-12:51:09.210[32m info [39m [caliper] [worker-message-handler] 	Worker#0 prepared for Round#1
2026.10.06-12:51:09.212[32m info [39m [caliper] [worker-orchestrator] 	1 workers prepared, progressing to test phase.
2026.10.06-12:51:09.212[32m info [39m [caliper] [round-orchestrator] 	Monitors successfully started
2026.10.06-12:51:09.213[32m info [39m [caliper] [worker-message-handler] 	Worker#0 is starting Round#1
2026.10.06-12:51:09.221[32m info [39m [caliper] [caliper-worker] 	Worker #0 starting workload loop
2026.10.06-12:51:14.213[32m info [39m [caliper] [default-observer] 	[verify-10tps Round 1 Transaction Info] - Submitted: 41 Succ: 40 Fail:0 Unfinished:1
2026.10.06-12:51:18.323[32m info [39m [caliper] [worker-message-handler] 	Worker#0 finished Round#1
2026.10.06-12:51:23.329[32m info [39m [caliper] [default-observer] 	Resetting txCount indicator count
2026.10.06-12:51:23.329[32m info [39m [caliper] [report-builder] 	### Test result ###
2026.10.06-12:51:23.331[32m info [39m [caliper] [report-builder] 	
+--------------+------+------+-----------------+-----------------+-----------------+-----------------+------------------+
| Name         | Succ | Fail | Send Rate (TPS) | Max Latency (s) | Min Latency (s) | Avg Latency (s) | Throughput (TPS) |
|--------------|------|------|-----------------|-----------------|-----------------|-----------------|------------------|
| verify-10tps | 81   | 0    | 10.1            | 0.04            | 0.02            | 0.02            | 10.1             |
+--------------+------+------+-----------------+-----------------+-----------------+-----------------+------------------+

2026.10.06-12:51:23.331[32m info [39m [caliper] [round-orchestrator] 	Finished round 2 (verify-10tps) in 8.102 seconds
2026.10.06-12:51:23.331[32m info [39m [caliper] [monitor.js] 	Stopping all monitors
2026.10.06-12:51:23.331[32m info [39m [caliper] [report-builder] 	### All test results ###
2026.10.06-12:51:23.333[32m info [39m [caliper] [report-builder] 	
+--------------+------+------+-----------------+-----------------+-----------------+-----------------+------------------+
| Name         | Succ | Fail | Send Rate (TPS) | Max Latency (s) | Min Latency (s) | Avg Latency (s) | Throughput (TPS) |
|--------------|------|------|-----------------|-----------------|-----------------|-----------------|------------------|
| verify-5tps  | 41   | 0    | 5.1             | 0.04            | 0.02            | 0.02            | 5.1              |
|--------------|------|------|-----------------|-----------------|-----------------|-----------------|------------------|
| verify-10tps | 81   | 0    | 10.1            | 0.04            | 0.02            | 0.02            | 10.1             |
+--------------+------+------+-----------------+-----------------+-----------------+-----------------+------------------+

2026.10.06-12:51:23.342[32m info [39m [caliper] [report-builder] 	Generated report with path /home/user/MyCodes/benchmarks/caliper/results/fixed-blocktime/verify-report.html
2026.10.06-12:51:23.345[32m info [39m [caliper] [monitor.js] 	Stopping all monitors
2026.10.06-12:51:23.345[32m info [39m [caliper] [worker-orchestrator] 	Sending exit message to connected workers
2026.10.06-12:51:23.345[32m info [39m [caliper] [round-orchestrator] 	Benchmark finished in 33.335 seconds. Total rounds: 2. Successful rounds: 2. Failed rounds: 0.
2026.10.06-12:51:23.345[32m info [39m [caliper] [caliper-engine] 	Skipping end command due to benchmark flow conditioning
2026.10.06-12:51:23.345[32m info [39m [caliper] [cli-launch-manager] 	Benchmark successfully finished!
2026.10.06-12:51:23.346[32m info [39m [caliper] [worker-message-handler] 	Worker#0 is exiting
